Jan 24 15:01:30 amirAcerAspireF5 kernel: Linux version 6.1.6-arch1-1 (linux@archlinux) (gcc (GCC) 12.2.0, GNU ld (GNU Binutils) 2.39.0) #1 SMP PREEMPT_DYNAMIC Sat, 14 Jan 2023 13:09:35 +0000
Jan 24 15:01:30 amirAcerAspireF5 kernel: Command line: BOOT_IMAGE=/boot/vmlinuz-linux root=UUID=8236de7f-9cf5-45bc-9296-53007fa2265e rw loglevel=3 quiet
Jan 24 15:01:30 amirAcerAspireF5 kernel: x86/fpu: Supporting XSAVE feature 0x001: 'x87 floating point registers'
Jan 24 15:01:30 amirAcerAspireF5 kernel: x86/fpu: Supporting XSAVE feature 0x002: 'SSE registers'
Jan 24 15:01:30 amirAcerAspireF5 kernel: x86/fpu: Supporting XSAVE feature 0x004: 'AVX registers'
Jan 24 15:01:30 amirAcerAspireF5 kernel: x86/fpu: Supporting XSAVE feature 0x008: 'MPX bounds registers'
Jan 24 15:01:30 amirAcerAspireF5 kernel: x86/fpu: Supporting XSAVE feature 0x010: 'MPX CSR'
Jan 24 15:01:30 amirAcerAspireF5 kernel: x86/fpu: xstate_offset[2]:  576, xstate_sizes[2]:  256
Jan 24 15:01:30 amirAcerAspireF5 kernel: x86/fpu: xstate_offset[3]:  832, xstate_sizes[3]:   64
Jan 24 15:01:30 amirAcerAspireF5 kernel: x86/fpu: xstate_offset[4]:  896, xstate_sizes[4]:   64
Jan 24 15:01:30 amirAcerAspireF5 kernel: x86/fpu: Enabled xstate features 0x1f, context size is 960 bytes, using 'compacted' format.
Jan 24 15:01:30 amirAcerAspireF5 kernel: signal: max sigframe size: 2032
Jan 24 15:01:30 amirAcerAspireF5 kernel: BIOS-provided physical RAM map:
Jan 24 15:01:30 amirAcerAspireF5 kernel: BIOS-e820: [mem 0x0000000000000000-0x000000000009e7ff] usable
Jan 24 15:01:30 amirAcerAspireF5 kernel: BIOS-e820: [mem 0x000000000009e800-0x000000000009ffff] reserved
Jan 24 15:01:30 amirAcerAspireF5 kernel: BIOS-e820: [mem 0x00000000000e0000-0x00000000000fffff] reserved
Jan 24 15:01:30 amirAcerAspireF5 kernel: BIOS-e820: [mem 0x0000000000100000-0x000000006834bfff] usable
Jan 24 15:01:30 amirAcerAspireF5 kernel: BIOS-e820: [mem 0x000000006834c000-0x000000006834cfff] ACPI NVS
Jan 24 15:01:30 amirAcerAspireF5 kernel: BIOS-e820: [mem 0x000000006834d000-0x0000000068376fff] reserved
Jan 24 15:01:30 amirAcerAspireF5 kernel: BIOS-e820: [mem 0x0000000068377000-0x0000000068427fff] usable
Jan 24 15:01:30 amirAcerAspireF5 kernel: BIOS-e820: [mem 0x0000000068428000-0x0000000068d28fff] reserved
Jan 24 15:01:30 amirAcerAspireF5 kernel: BIOS-e820: [mem 0x0000000068d29000-0x0000000075c3dfff] usable
Jan 24 15:01:30 amirAcerAspireF5 kernel: BIOS-e820: [mem 0x0000000075c3e000-0x000000007662dfff] reserved
Jan 24 15:01:30 amirAcerAspireF5 kernel: BIOS-e820: [mem 0x000000007662e000-0x0000000077fadfff] ACPI NVS
Jan 24 15:01:30 amirAcerAspireF5 kernel: BIOS-e820: [mem 0x0000000077fae000-0x0000000077ffdfff] ACPI data
Jan 24 15:01:30 amirAcerAspireF5 kernel: BIOS-e820: [mem 0x0000000077ffe000-0x0000000077ffefff] usable
Jan 24 15:01:30 amirAcerAspireF5 kernel: BIOS-e820: [mem 0x0000000077fff000-0x00000000780fffff] reserved
Jan 24 15:01:30 amirAcerAspireF5 kernel: BIOS-e820: [mem 0x0000000079000000-0x000000007c7fffff] reserved
Jan 24 15:01:30 amirAcerAspireF5 kernel: BIOS-e820: [mem 0x00000000e0000000-0x00000000efffffff] reserved
Jan 24 15:01:30 amirAcerAspireF5 kernel: BIOS-e820: [mem 0x00000000fd000000-0x00000000fe7fffff] reserved
Jan 24 15:01:30 amirAcerAspireF5 kernel: BIOS-e820: [mem 0x00000000feb00000-0x00000000feb03fff] reserved
Jan 24 15:01:30 amirAcerAspireF5 kernel: BIOS-e820: [mem 0x00000000fec00000-0x00000000fec00fff] reserved
Jan 24 15:01:30 amirAcerAspireF5 kernel: BIOS-e820: [mem 0x00000000fed00000-0x00000000fed00fff] reserved
Jan 24 15:01:30 amirAcerAspireF5 kernel: BIOS-e820: [mem 0x00000000fed10000-0x00000000fed19fff] reserved
Jan 24 15:01:30 amirAcerAspireF5 kernel: BIOS-e820: [mem 0x00000000fed84000-0x00000000fed84fff] reserved
Jan 24 15:01:30 amirAcerAspireF5 kernel: BIOS-e820: [mem 0x00000000fee00000-0x00000000fee00fff] reserved
Jan 24 15:01:30 amirAcerAspireF5 kernel: BIOS-e820: [mem 0x00000000ffa00000-0x00000000ffffffff] reserved
Jan 24 15:01:30 amirAcerAspireF5 kernel: BIOS-e820: [mem 0x0000000100000000-0x00000001827fffff] usable
Jan 24 15:01:30 amirAcerAspireF5 kernel: NX (Execute Disable) protection: active
Jan 24 15:01:30 amirAcerAspireF5 kernel: SMBIOS 2.8 present.
Jan 24 15:01:30 amirAcerAspireF5 kernel: DMI: Acer Aspire F5-572G/Zoro_SL , BIOS V1.14 03/04/2016
Jan 24 15:01:30 amirAcerAspireF5 kernel: tsc: Detected 2400.000 MHz processor
Jan 24 15:01:30 amirAcerAspireF5 kernel: e820: update [mem 0x00000000-0x00000fff] usable ==> reserved
Jan 24 15:01:30 amirAcerAspireF5 kernel: e820: remove [mem 0x000a0000-0x000fffff] usable
Jan 24 15:01:30 amirAcerAspireF5 kernel: last_pfn = 0x182800 max_arch_pfn = 0x400000000
Jan 24 15:01:30 amirAcerAspireF5 kernel: x86/PAT: Configuration [0-7]: WB  WC  UC- UC  WB  WP  UC- WT  
Jan 24 15:01:30 amirAcerAspireF5 kernel: total RAM covered: 6015M
Jan 24 15:01:30 amirAcerAspireF5 kernel:  gran_size: 64K         chunk_size: 64K         num_reg: 10          lose cover RAM: 4195324K
Jan 24 15:01:30 amirAcerAspireF5 kernel:  gran_size: 64K         chunk_size: 128K         num_reg: 6          lose cover RAM: 60K
Jan 24 15:01:30 amirAcerAspireF5 kernel:  gran_size: 64K         chunk_size: 256K         num_reg: 6          lose cover RAM: 60K
Jan 24 15:01:30 amirAcerAspireF5 kernel:  gran_size: 64K         chunk_size: 512K         num_reg: 6          lose cover RAM: 60K
Jan 24 15:01:30 amirAcerAspireF5 kernel:  gran_size: 64K         chunk_size: 1M         num_reg: 6          lose cover RAM: 60K
Jan 24 15:01:30 amirAcerAspireF5 kernel:  gran_size: 64K         chunk_size: 2M         num_reg: 6          lose cover RAM: 60K
Jan 24 15:01:30 amirAcerAspireF5 kernel:  gran_size: 64K         chunk_size: 4M         num_reg: 6          lose cover RAM: 60K
Jan 24 15:01:30 amirAcerAspireF5 kernel:  gran_size: 64K         chunk_size: 8M         num_reg: 6          lose cover RAM: 60K
Jan 24 15:01:30 amirAcerAspireF5 kernel:  gran_size: 64K         chunk_size: 16M         num_reg: 6          lose cover RAM: 60K
Jan 24 15:01:30 amirAcerAspireF5 kernel:  gran_size: 64K         chunk_size: 32M         num_reg: 6          lose cover RAM: 60K
Jan 24 15:01:30 amirAcerAspireF5 kernel:  gran_size: 64K         chunk_size: 64M         num_reg: 6          lose cover RAM: 60K
Jan 24 15:01:30 amirAcerAspireF5 kernel:  gran_size: 64K         chunk_size: 128M         num_reg: 6          lose cover RAM: 60K
Jan 24 15:01:30 amirAcerAspireF5 kernel:  gran_size: 64K         chunk_size: 256M         num_reg: 4          lose cover RAM: 60K
Jan 24 15:01:30 amirAcerAspireF5 kernel:  gran_size: 64K         chunk_size: 512M         num_reg: 4          lose cover RAM: 60K
Jan 24 15:01:30 amirAcerAspireF5 kernel:  gran_size: 64K         chunk_size: 1G         num_reg: 4          lose cover RAM: 60K
Jan 24 15:01:30 amirAcerAspireF5 kernel:  gran_size: 64K         chunk_size: 2G         num_reg: 4          lose cover RAM: 60K
Jan 24 15:01:30 amirAcerAspireF5 kernel:  gran_size: 128K         chunk_size: 128K         num_reg: 10          lose cover RAM: 4195324K
Jan 24 15:01:30 amirAcerAspireF5 kernel:  gran_size: 128K         chunk_size: 256K         num_reg: 6          lose cover RAM: 124K
Jan 24 15:01:30 amirAcerAspireF5 kernel:  gran_size: 128K         chunk_size: 512K         num_reg: 6          lose cover RAM: 124K
Jan 24 15:01:30 amirAcerAspireF5 kernel:  gran_size: 128K         chunk_size: 1M         num_reg: 6          lose cover RAM: 124K
Jan 24 15:01:30 amirAcerAspireF5 kernel:  gran_size: 128K         chunk_size: 2M         num_reg: 6          lose cover RAM: 124K
Jan 24 15:01:30 amirAcerAspireF5 kernel:  gran_size: 128K         chunk_size: 4M         num_reg: 6          lose cover RAM: 124K
Jan 24 15:01:30 amirAcerAspireF5 kernel:  gran_size: 128K         chunk_size: 8M         num_reg: 6          lose cover RAM: 124K
Jan 24 15:01:30 amirAcerAspireF5 kernel:  gran_size: 128K         chunk_size: 16M         num_reg: 6          lose cover RAM: 124K
Jan 24 15:01:30 amirAcerAspireF5 kernel:  gran_size: 128K         chunk_size: 32M         num_reg: 6          lose cover RAM: 124K
Jan 24 15:01:30 amirAcerAspireF5 kernel:  gran_size: 128K         chunk_size: 64M         num_reg: 6          lose cover RAM: 124K
Jan 24 15:01:30 amirAcerAspireF5 kernel:  gran_size: 128K         chunk_size: 128M         num_reg: 6          lose cover RAM: 124K
Jan 24 15:01:30 amirAcerAspireF5 kernel:  gran_size: 128K         chunk_size: 256M         num_reg: 4          lose cover RAM: 124K
Jan 24 15:01:30 amirAcerAspireF5 kernel:  gran_size: 128K         chunk_size: 512M         num_reg: 4          lose cover RAM: 124K
Jan 24 15:01:30 amirAcerAspireF5 kernel:  gran_size: 128K         chunk_size: 1G         num_reg: 4          lose cover RAM: 124K
Jan 24 15:01:30 amirAcerAspireF5 kernel:  gran_size: 128K         chunk_size: 2G         num_reg: 4          lose cover RAM: 124K
Jan 24 15:01:30 amirAcerAspireF5 kernel:  gran_size: 256K         chunk_size: 256K         num_reg: 10          lose cover RAM: 4195324K
Jan 24 15:01:30 amirAcerAspireF5 kernel:  gran_size: 256K         chunk_size: 512K         num_reg: 6          lose cover RAM: 252K
Jan 24 15:01:30 amirAcerAspireF5 kernel:  gran_size: 256K         chunk_size: 1M         num_reg: 6          lose cover RAM: 252K
Jan 24 15:01:30 amirAcerAspireF5 kernel:  gran_size: 256K         chunk_size: 2M         num_reg: 6          lose cover RAM: 252K
Jan 24 15:01:30 amirAcerAspireF5 kernel:  gran_size: 256K         chunk_size: 4M         num_reg: 6          lose cover RAM: 252K
Jan 24 15:01:30 amirAcerAspireF5 kernel:  gran_size: 256K         chunk_size: 8M         num_reg: 6          lose cover RAM: 252K
Jan 24 15:01:30 amirAcerAspireF5 kernel:  gran_size: 256K         chunk_size: 16M         num_reg: 6          lose cover RAM: 252K
Jan 24 15:01:30 amirAcerAspireF5 kernel:  gran_size: 256K         chunk_size: 32M         num_reg: 6          lose cover RAM: 252K
Jan 24 15:01:30 amirAcerAspireF5 kernel:  gran_size: 256K         chunk_size: 64M         num_reg: 6          lose cover RAM: 252K
Jan 24 15:01:30 amirAcerAspireF5 kernel:  gran_size: 256K         chunk_size: 128M         num_reg: 6          lose cover RAM: 252K
Jan 24 15:01:30 amirAcerAspireF5 kernel:  gran_size: 256K         chunk_size: 256M         num_reg: 4          lose cover RAM: 252K
Jan 24 15:01:30 amirAcerAspireF5 kernel:  gran_size: 256K         chunk_size: 512M         num_reg: 4          lose cover RAM: 252K
Jan 24 15:01:30 amirAcerAspireF5 kernel:  gran_size: 256K         chunk_size: 1G         num_reg: 4          lose cover RAM: 252K
Jan 24 15:01:30 amirAcerAspireF5 kernel:  gran_size: 256K         chunk_size: 2G         num_reg: 4          lose cover RAM: 252K
Jan 24 15:01:30 amirAcerAspireF5 kernel:  gran_size: 512K         chunk_size: 512K         num_reg: 10          lose cover RAM: 4195324K
Jan 24 15:01:30 amirAcerAspireF5 kernel:  gran_size: 512K         chunk_size: 1M         num_reg: 6          lose cover RAM: 508K
Jan 24 15:01:30 amirAcerAspireF5 kernel:  gran_size: 512K         chunk_size: 2M         num_reg: 6          lose cover RAM: 508K
Jan 24 15:01:30 amirAcerAspireF5 kernel:  gran_size: 512K         chunk_size: 4M         num_reg: 6          lose cover RAM: 508K
Jan 24 15:01:30 amirAcerAspireF5 kernel:  gran_size: 512K         chunk_size: 8M         num_reg: 6          lose cover RAM: 508K
Jan 24 15:01:30 amirAcerAspireF5 kernel:  gran_size: 512K         chunk_size: 16M         num_reg: 6          lose cover RAM: 508K
Jan 24 15:01:30 amirAcerAspireF5 kernel:  gran_size: 512K         chunk_size: 32M         num_reg: 6          lose cover RAM: 508K
Jan 24 15:01:30 amirAcerAspireF5 kernel:  gran_size: 512K         chunk_size: 64M         num_reg: 6          lose cover RAM: 508K
Jan 24 15:01:30 amirAcerAspireF5 kernel:  gran_size: 512K         chunk_size: 128M         num_reg: 6          lose cover RAM: 508K
Jan 24 15:01:30 amirAcerAspireF5 kernel:  gran_size: 512K         chunk_size: 256M         num_reg: 4          lose cover RAM: 508K
Jan 24 15:01:30 amirAcerAspireF5 kernel:  gran_size: 512K         chunk_size: 512M         num_reg: 4          lose cover RAM: 508K
Jan 24 15:01:30 amirAcerAspireF5 kernel:  gran_size: 512K         chunk_size: 1G         num_reg: 4          lose cover RAM: 508K
Jan 24 15:01:30 amirAcerAspireF5 kernel:  gran_size: 512K         chunk_size: 2G         num_reg: 4          lose cover RAM: 508K
Jan 24 15:01:30 amirAcerAspireF5 kernel:  gran_size: 1M         chunk_size: 1M         num_reg: 10          lose cover RAM: 4195324K
Jan 24 15:01:30 amirAcerAspireF5 kernel:  gran_size: 1M         chunk_size: 2M         num_reg: 6          lose cover RAM: 1020K
Jan 24 15:01:30 amirAcerAspireF5 kernel:  gran_size: 1M         chunk_size: 4M         num_reg: 6          lose cover RAM: 1020K
Jan 24 15:01:30 amirAcerAspireF5 kernel:  gran_size: 1M         chunk_size: 8M         num_reg: 6          lose cover RAM: 1020K
Jan 24 15:01:30 amirAcerAspireF5 kernel:  gran_size: 1M         chunk_size: 16M         num_reg: 6          lose cover RAM: 1020K
Jan 24 15:01:30 amirAcerAspireF5 kernel:  gran_size: 1M         chunk_size: 32M         num_reg: 6          lose cover RAM: 1020K
Jan 24 15:01:30 amirAcerAspireF5 kernel:  gran_size: 1M         chunk_size: 64M         num_reg: 6          lose cover RAM: 1020K
Jan 24 15:01:30 amirAcerAspireF5 kernel:  gran_size: 1M         chunk_size: 128M         num_reg: 6          lose cover RAM: 1020K
Jan 24 15:01:30 amirAcerAspireF5 kernel:  gran_size: 1M         chunk_size: 256M         num_reg: 4          lose cover RAM: 1020K
Jan 24 15:01:30 amirAcerAspireF5 kernel:  gran_size: 1M         chunk_size: 512M         num_reg: 4          lose cover RAM: 1020K
Jan 24 15:01:30 amirAcerAspireF5 kernel:  gran_size: 1M         chunk_size: 1G         num_reg: 4          lose cover RAM: 1020K
Jan 24 15:01:30 amirAcerAspireF5 kernel:  gran_size: 1M         chunk_size: 2G         num_reg: 4          lose cover RAM: 1020K
Jan 24 15:01:30 amirAcerAspireF5 kernel:  gran_size: 2M         chunk_size: 2M         num_reg: 10          lose cover RAM: 2044K
Jan 24 15:01:30 amirAcerAspireF5 kernel:  gran_size: 2M         chunk_size: 4M         num_reg: 6          lose cover RAM: 2044K
Jan 24 15:01:30 amirAcerAspireF5 kernel:  gran_size: 2M         chunk_size: 8M         num_reg: 6          lose cover RAM: 2044K
Jan 24 15:01:30 amirAcerAspireF5 kernel:  gran_size: 2M         chunk_size: 16M         num_reg: 6          lose cover RAM: 2044K
Jan 24 15:01:30 amirAcerAspireF5 kernel:  gran_size: 2M         chunk_size: 32M         num_reg: 6          lose cover RAM: 2044K
Jan 24 15:01:30 amirAcerAspireF5 kernel:  gran_size: 2M         chunk_size: 64M         num_reg: 6          lose cover RAM: 2044K
Jan 24 15:01:30 amirAcerAspireF5 kernel:  gran_size: 2M         chunk_size: 128M         num_reg: 6          lose cover RAM: 2044K
Jan 24 15:01:30 amirAcerAspireF5 kernel:  gran_size: 2M         chunk_size: 256M         num_reg: 4          lose cover RAM: 2044K
Jan 24 15:01:30 amirAcerAspireF5 kernel:  gran_size: 2M         chunk_size: 512M         num_reg: 4          lose cover RAM: 2044K
Jan 24 15:01:30 amirAcerAspireF5 kernel:  gran_size: 2M         chunk_size: 1G         num_reg: 4          lose cover RAM: 2044K
Jan 24 15:01:30 amirAcerAspireF5 kernel:  gran_size: 2M         chunk_size: 2G         num_reg: 4          lose cover RAM: 2044K
Jan 24 15:01:30 amirAcerAspireF5 kernel:  gran_size: 4M         chunk_size: 4M         num_reg: 9          lose cover RAM: 4092K
Jan 24 15:01:30 amirAcerAspireF5 kernel:  gran_size: 4M         chunk_size: 8M         num_reg: 6          lose cover RAM: 4092K
Jan 24 15:01:30 amirAcerAspireF5 kernel:  gran_size: 4M         chunk_size: 16M         num_reg: 6          lose cover RAM: 4092K
Jan 24 15:01:30 amirAcerAspireF5 kernel:  gran_size: 4M         chunk_size: 32M         num_reg: 6          lose cover RAM: 4092K
Jan 24 15:01:30 amirAcerAspireF5 kernel:  gran_size: 4M         chunk_size: 64M         num_reg: 6          lose cover RAM: 4092K
Jan 24 15:01:30 amirAcerAspireF5 kernel:  gran_size: 4M         chunk_size: 128M         num_reg: 6          lose cover RAM: 4092K
Jan 24 15:01:30 amirAcerAspireF5 kernel:  gran_size: 4M         chunk_size: 256M         num_reg: 4          lose cover RAM: 4092K
Jan 24 15:01:30 amirAcerAspireF5 kernel:  gran_size: 4M         chunk_size: 512M         num_reg: 4          lose cover RAM: 4092K
Jan 24 15:01:30 amirAcerAspireF5 kernel:  gran_size: 4M         chunk_size: 1G         num_reg: 4          lose cover RAM: 4092K
Jan 24 15:01:30 amirAcerAspireF5 kernel:  gran_size: 4M         chunk_size: 2G         num_reg: 4          lose cover RAM: 4092K
Jan 24 15:01:30 amirAcerAspireF5 kernel:  gran_size: 8M         chunk_size: 8M         num_reg: 8          lose cover RAM: 8188K
Jan 24 15:01:30 amirAcerAspireF5 kernel:  gran_size: 8M         chunk_size: 16M         num_reg: 6          lose cover RAM: 8188K
Jan 24 15:01:30 amirAcerAspireF5 kernel:  gran_size: 8M         chunk_size: 32M         num_reg: 6          lose cover RAM: 8188K
Jan 24 15:01:30 amirAcerAspireF5 kernel:  gran_size: 8M         chunk_size: 64M         num_reg: 6          lose cover RAM: 8188K
Jan 24 15:01:30 amirAcerAspireF5 kernel:  gran_size: 8M         chunk_size: 128M         num_reg: 6          lose cover RAM: 8188K
Jan 24 15:01:30 amirAcerAspireF5 kernel:  gran_size: 8M         chunk_size: 256M         num_reg: 4          lose cover RAM: 8188K
Jan 24 15:01:30 amirAcerAspireF5 kernel:  gran_size: 8M         chunk_size: 512M         num_reg: 4          lose cover RAM: 8188K
Jan 24 15:01:30 amirAcerAspireF5 kernel:  gran_size: 8M         chunk_size: 1G         num_reg: 4          lose cover RAM: 8188K
Jan 24 15:01:30 amirAcerAspireF5 kernel:  gran_size: 8M         chunk_size: 2G         num_reg: 4          lose cover RAM: 8188K
Jan 24 15:01:30 amirAcerAspireF5 kernel:  gran_size: 16M         chunk_size: 16M         num_reg: 7          lose cover RAM: 16380K
Jan 24 15:01:30 amirAcerAspireF5 kernel:  gran_size: 16M         chunk_size: 32M         num_reg: 6          lose cover RAM: 16380K
Jan 24 15:01:30 amirAcerAspireF5 kernel:  gran_size: 16M         chunk_size: 64M         num_reg: 6          lose cover RAM: 16380K
Jan 24 15:01:30 amirAcerAspireF5 kernel:  gran_size: 16M         chunk_size: 128M         num_reg: 6          lose cover RAM: 16380K
Jan 24 15:01:30 amirAcerAspireF5 kernel:  gran_size: 16M         chunk_size: 256M         num_reg: 4          lose cover RAM: 16380K
Jan 24 15:01:30 amirAcerAspireF5 kernel:  gran_size: 16M         chunk_size: 512M         num_reg: 4          lose cover RAM: 16380K
Jan 24 15:01:30 amirAcerAspireF5 kernel:  gran_size: 16M         chunk_size: 1G         num_reg: 4          lose cover RAM: 16380K
Jan 24 15:01:30 amirAcerAspireF5 kernel:  gran_size: 16M         chunk_size: 2G         num_reg: 4          lose cover RAM: 16380K
Jan 24 15:01:30 amirAcerAspireF5 kernel:  gran_size: 32M         chunk_size: 32M         num_reg: 6          lose cover RAM: 32764K
Jan 24 15:01:30 amirAcerAspireF5 kernel:  gran_size: 32M         chunk_size: 64M         num_reg: 6          lose cover RAM: 32764K
Jan 24 15:01:30 amirAcerAspireF5 kernel:  gran_size: 32M         chunk_size: 128M         num_reg: 6          lose cover RAM: 32764K
Jan 24 15:01:30 amirAcerAspireF5 kernel:  gran_size: 32M         chunk_size: 256M         num_reg: 4          lose cover RAM: 32764K
Jan 24 15:01:30 amirAcerAspireF5 kernel:  gran_size: 32M         chunk_size: 512M         num_reg: 4          lose cover RAM: 32764K
Jan 24 15:01:30 amirAcerAspireF5 kernel:  gran_size: 32M         chunk_size: 1G         num_reg: 4          lose cover RAM: 32764K
Jan 24 15:01:30 amirAcerAspireF5 kernel:  gran_size: 32M         chunk_size: 2G         num_reg: 4          lose cover RAM: 32764K
Jan 24 15:01:30 amirAcerAspireF5 kernel:  gran_size: 64M         chunk_size: 64M         num_reg: 5          lose cover RAM: 65532K
Jan 24 15:01:30 amirAcerAspireF5 kernel:  gran_size: 64M         chunk_size: 128M         num_reg: 6          lose cover RAM: 65532K
Jan 24 15:01:30 amirAcerAspireF5 kernel:  gran_size: 64M         chunk_size: 256M         num_reg: 4          lose cover RAM: 65532K
Jan 24 15:01:30 amirAcerAspireF5 kernel:  gran_size: 64M         chunk_size: 512M         num_reg: 4          lose cover RAM: 65532K
Jan 24 15:01:30 amirAcerAspireF5 kernel:  gran_size: 64M         chunk_size: 1G         num_reg: 4          lose cover RAM: 65532K
Jan 24 15:01:30 amirAcerAspireF5 kernel:  gran_size: 64M         chunk_size: 2G         num_reg: 4          lose cover RAM: 65532K
Jan 24 15:01:30 amirAcerAspireF5 kernel:  gran_size: 128M         chunk_size: 128M         num_reg: 4          lose cover RAM: 131068K
Jan 24 15:01:30 amirAcerAspireF5 kernel:  gran_size: 128M         chunk_size: 256M         num_reg: 4          lose cover RAM: 131068K
Jan 24 15:01:30 amirAcerAspireF5 kernel:  gran_size: 128M         chunk_size: 512M         num_reg: 3          lose cover RAM: 131068K
Jan 24 15:01:30 amirAcerAspireF5 kernel:  gran_size: 128M         chunk_size: 1G         num_reg: 3          lose cover RAM: 131068K
Jan 24 15:01:30 amirAcerAspireF5 kernel:  gran_size: 128M         chunk_size: 2G         num_reg: 3          lose cover RAM: 131068K
Jan 24 15:01:30 amirAcerAspireF5 kernel:  gran_size: 256M         chunk_size: 256M         num_reg: 4          lose cover RAM: 131068K
Jan 24 15:01:30 amirAcerAspireF5 kernel:  gran_size: 256M         chunk_size: 512M         num_reg: 3          lose cover RAM: 131068K
Jan 24 15:01:30 amirAcerAspireF5 kernel:  gran_size: 256M         chunk_size: 1G         num_reg: 3          lose cover RAM: 131068K
Jan 24 15:01:30 amirAcerAspireF5 kernel:  gran_size: 256M         chunk_size: 2G         num_reg: 3          lose cover RAM: 131068K
Jan 24 15:01:30 amirAcerAspireF5 kernel:  gran_size: 512M         chunk_size: 512M         num_reg: 3          lose cover RAM: 393212K
Jan 24 15:01:30 amirAcerAspireF5 kernel:  gran_size: 512M         chunk_size: 1G         num_reg: 3          lose cover RAM: 393212K
Jan 24 15:01:30 amirAcerAspireF5 kernel:  gran_size: 512M         chunk_size: 2G         num_reg: 3          lose cover RAM: 393212K
Jan 24 15:01:30 amirAcerAspireF5 kernel:  gran_size: 1G         chunk_size: 1G         num_reg: 2          lose cover RAM: 917500K
Jan 24 15:01:30 amirAcerAspireF5 kernel:  gran_size: 1G         chunk_size: 2G         num_reg: 2          lose cover RAM: 917500K
Jan 24 15:01:30 amirAcerAspireF5 kernel:  gran_size: 2G         chunk_size: 2G         num_reg: 1          lose cover RAM: 1966076K
Jan 24 15:01:30 amirAcerAspireF5 kernel: mtrr_cleanup: can not find optimal value
Jan 24 15:01:30 amirAcerAspireF5 kernel: please specify mtrr_gran_size/mtrr_chunk_size
Jan 24 15:01:30 amirAcerAspireF5 kernel: e820: update [mem 0x77fff000-0xffffffff] usable ==> reserved
Jan 24 15:01:30 amirAcerAspireF5 kernel: last_pfn = 0x77fff max_arch_pfn = 0x400000000
Jan 24 15:01:30 amirAcerAspireF5 kernel: found SMP MP-table at [mem 0x000fe1b0-0x000fe1bf]
Jan 24 15:01:30 amirAcerAspireF5 kernel: Using GB pages for direct mapping
Jan 24 15:01:30 amirAcerAspireF5 kernel: RAMDISK: [mem 0x362c7000-0x3715afff]
Jan 24 15:01:30 amirAcerAspireF5 kernel: ACPI: Early table checksum verification disabled
Jan 24 15:01:30 amirAcerAspireF5 kernel: ACPI: RSDP 0x000000000009EA00 000024 (v02 ACRSYS)
Jan 24 15:01:30 amirAcerAspireF5 kernel: ACPI: XSDT 0x0000000077FDE188 0000F4 (v01 ACRSYS ACRPRDCT 00000000      01000013)
Jan 24 15:01:30 amirAcerAspireF5 kernel: ACPI: FACP 0x0000000077FE4000 00010C (v05 ACRSYS ACRPRDCT 00000000 1025 00040000)
Jan 24 15:01:30 amirAcerAspireF5 kernel: ACPI: DSDT 0x0000000077FC7000 0161A2 (v02 ACRSYS ACRPRDCT 00000000 1025 00040000)
Jan 24 15:01:30 amirAcerAspireF5 kernel: ACPI: FACS 0x0000000077FA9000 000040
Jan 24 15:01:30 amirAcerAspireF5 kernel: ACPI: TCPA 0x0000000077FFC000 000032 (v02 ACRSYS ACRPRDCT 00000000 1025 00040000)
Jan 24 15:01:30 amirAcerAspireF5 kernel: ACPI: UEFI 0x0000000077FFB000 000236 (v01 ACRSYS ACRPRDCT 00000001 1025 00040000)
Jan 24 15:01:30 amirAcerAspireF5 kernel: ACPI: UEFI 0x0000000077FFA000 000042 (v01 ACRSYS ACRPRDCT 00000002 1025 00040000)
Jan 24 15:01:30 amirAcerAspireF5 kernel: ACPI: SSDT 0x0000000077FF9000 0004B7 (v02 ACRSYS ACRPRDCT 00001000 1025 00040000)
Jan 24 15:01:30 amirAcerAspireF5 kernel: ACPI: SSDT 0x0000000077FF8000 00004B (v02 ACRSYS ACRPRDCT 00003000 1025 00040000)
Jan 24 15:01:30 amirAcerAspireF5 kernel: ACPI: TPM2 0x0000000077FF7000 000034 (v03 ACRSYS ACRPRDCT 00000000 1025 00040000)
Jan 24 15:01:30 amirAcerAspireF5 kernel: ACPI: SSDT 0x0000000077FF2000 0040CA (v01 ACRSYS ACRPRDCT 00001000 1025 00040000)
Jan 24 15:01:30 amirAcerAspireF5 kernel: ACPI: SSDT 0x0000000077FEC000 004E73 (v02 ACRSYS ACRPRDCT 00003000 1025 00040000)
Jan 24 15:01:30 amirAcerAspireF5 kernel: ACPI: DBGP 0x0000000077FEB000 000034 (v01 ACRSYS ACRPRDCT 00000001 1025 00040000)
Jan 24 15:01:30 amirAcerAspireF5 kernel: ACPI: DBG2 0x0000000077FEA000 000054 (v00 ACRSYS ACRPRDCT 00000000 1025 00040000)
Jan 24 15:01:30 amirAcerAspireF5 kernel: ACPI: SSDT 0x0000000077FE9000 0004CA (v02 ACRSYS ACRPRDCT 00000000 1025 00040000)
Jan 24 15:01:30 amirAcerAspireF5 kernel: ACPI: ASF! 0x0000000077FE8000 0000A5 (v32 ACRSYS ACRPRDCT 00000001 1025 00040000)
Jan 24 15:01:30 amirAcerAspireF5 kernel: ACPI: ASPT 0x0000000077FE7000 000034 (v07 ACRSYS ACRPRDCT 00000001 1025 00040000)
Jan 24 15:01:30 amirAcerAspireF5 kernel: ACPI: BOOT 0x0000000077FE6000 000028 (v01 ACRSYS ACRPRDCT 00000001 1025 00040000)
Jan 24 15:01:30 amirAcerAspireF5 kernel: ACPI: DBGP 0x0000000077FE5000 000034 (v01 ACRSYS ACRPRDCT 00000001 1025 00040000)
Jan 24 15:01:30 amirAcerAspireF5 kernel: ACPI: HPET 0x0000000077FE3000 000038 (v01 ACRSYS ACRPRDCT 00000001 1025 00040000)
Jan 24 15:01:30 amirAcerAspireF5 kernel: ACPI: LPIT 0x0000000077FE2000 000094 (v01 ACRSYS ACRPRDCT 00000000 1025 00040000)
Jan 24 15:01:30 amirAcerAspireF5 kernel: ACPI: APIC 0x0000000077FE1000 0000BC (v03 ACRSYS ACRPRDCT 00000001 1025 00040000)
Jan 24 15:01:30 amirAcerAspireF5 kernel: ACPI: MCFG 0x0000000077FE0000 00003C (v01 ACRSYS ACRPRDCT 00000001 1025 00040000)
Jan 24 15:01:30 amirAcerAspireF5 kernel: ACPI: SSDT 0x0000000077FDF000 00019A (v02 ACRSYS ACRPRDCT 00001000 1025 00040000)
Jan 24 15:01:30 amirAcerAspireF5 kernel: ACPI: SSDT 0x0000000077FC6000 0004A3 (v02 ACRSYS ACRPRDCT 00001000 1025 00040000)
Jan 24 15:01:30 amirAcerAspireF5 kernel: ACPI: SSDT 0x0000000077FC5000 000E58 (v02 ACRSYS ACRPRDCT 00003000 1025 00040000)
Jan 24 15:01:30 amirAcerAspireF5 kernel: ACPI: SSDT 0x0000000077FC1000 003009 (v01 ACRSYS ACRPRDCT 00001000 1025 00040000)
Jan 24 15:01:30 amirAcerAspireF5 kernel: ACPI: DMAR 0x0000000077FC0000 0000CC (v01 ACRSYS ACRPRDCT 00000001 1025 00040000)
Jan 24 15:01:30 amirAcerAspireF5 kernel: ACPI: FPDT 0x0000000077FBF000 000044 (v01 ACRSYS ACRPRDCT 00000002 1025 00040000)
Jan 24 15:01:30 amirAcerAspireF5 kernel: ACPI: Reserving FACP table memory at [mem 0x77fe4000-0x77fe410b]
Jan 24 15:01:30 amirAcerAspireF5 kernel: ACPI: Reserving DSDT table memory at [mem 0x77fc7000-0x77fdd1a1]
Jan 24 15:01:30 amirAcerAspireF5 kernel: ACPI: Reserving FACS table memory at [mem 0x77fa9000-0x77fa903f]
Jan 24 15:01:30 amirAcerAspireF5 kernel: ACPI: Reserving TCPA table memory at [mem 0x77ffc000-0x77ffc031]
Jan 24 15:01:30 amirAcerAspireF5 kernel: ACPI: Reserving UEFI table memory at [mem 0x77ffb000-0x77ffb235]
Jan 24 15:01:30 amirAcerAspireF5 kernel: ACPI: Reserving UEFI table memory at [mem 0x77ffa000-0x77ffa041]
Jan 24 15:01:30 amirAcerAspireF5 kernel: ACPI: Reserving SSDT table memory at [mem 0x77ff9000-0x77ff94b6]
Jan 24 15:01:30 amirAcerAspireF5 kernel: ACPI: Reserving SSDT table memory at [mem 0x77ff8000-0x77ff804a]
Jan 24 15:01:30 amirAcerAspireF5 kernel: ACPI: Reserving TPM2 table memory at [mem 0x77ff7000-0x77ff7033]
Jan 24 15:01:30 amirAcerAspireF5 kernel: ACPI: Reserving SSDT table memory at [mem 0x77ff2000-0x77ff60c9]
Jan 24 15:01:30 amirAcerAspireF5 kernel: ACPI: Reserving SSDT table memory at [mem 0x77fec000-0x77ff0e72]
Jan 24 15:01:30 amirAcerAspireF5 kernel: ACPI: Reserving DBGP table memory at [mem 0x77feb000-0x77feb033]
Jan 24 15:01:30 amirAcerAspireF5 kernel: ACPI: Reserving DBG2 table memory at [mem 0x77fea000-0x77fea053]
Jan 24 15:01:30 amirAcerAspireF5 kernel: ACPI: Reserving SSDT table memory at [mem 0x77fe9000-0x77fe94c9]
Jan 24 15:01:30 amirAcerAspireF5 kernel: ACPI: Reserving ASF! table memory at [mem 0x77fe8000-0x77fe80a4]
Jan 24 15:01:30 amirAcerAspireF5 kernel: ACPI: Reserving ASPT table memory at [mem 0x77fe7000-0x77fe7033]
Jan 24 15:01:30 amirAcerAspireF5 kernel: ACPI: Reserving BOOT table memory at [mem 0x77fe6000-0x77fe6027]
Jan 24 15:01:30 amirAcerAspireF5 kernel: ACPI: Reserving DBGP table memory at [mem 0x77fe5000-0x77fe5033]
Jan 24 15:01:30 amirAcerAspireF5 kernel: ACPI: Reserving HPET table memory at [mem 0x77fe3000-0x77fe3037]
Jan 24 15:01:30 amirAcerAspireF5 kernel: ACPI: Reserving LPIT table memory at [mem 0x77fe2000-0x77fe2093]
Jan 24 15:01:30 amirAcerAspireF5 kernel: ACPI: Reserving APIC table memory at [mem 0x77fe1000-0x77fe10bb]
Jan 24 15:01:30 amirAcerAspireF5 kernel: ACPI: Reserving MCFG table memory at [mem 0x77fe0000-0x77fe003b]
Jan 24 15:01:30 amirAcerAspireF5 kernel: ACPI: Reserving SSDT table memory at [mem 0x77fdf000-0x77fdf199]
Jan 24 15:01:30 amirAcerAspireF5 kernel: ACPI: Reserving SSDT table memory at [mem 0x77fc6000-0x77fc64a2]
Jan 24 15:01:30 amirAcerAspireF5 kernel: ACPI: Reserving SSDT table memory at [mem 0x77fc5000-0x77fc5e57]
Jan 24 15:01:30 amirAcerAspireF5 kernel: ACPI: Reserving SSDT table memory at [mem 0x77fc1000-0x77fc4008]
Jan 24 15:01:30 amirAcerAspireF5 kernel: ACPI: Reserving DMAR table memory at [mem 0x77fc0000-0x77fc00cb]
Jan 24 15:01:30 amirAcerAspireF5 kernel: ACPI: Reserving FPDT table memory at [mem 0x77fbf000-0x77fbf043]
Jan 24 15:01:30 amirAcerAspireF5 kernel: No NUMA configuration found
Jan 24 15:01:30 amirAcerAspireF5 kernel: Faking a node at [mem 0x0000000000000000-0x00000001827fffff]
Jan 24 15:01:30 amirAcerAspireF5 kernel: NODE_DATA(0) allocated [mem 0x1827fb000-0x1827fffff]
Jan 24 15:01:30 amirAcerAspireF5 kernel: Zone ranges:
Jan 24 15:01:30 amirAcerAspireF5 kernel:   DMA      [mem 0x0000000000001000-0x0000000000ffffff]
Jan 24 15:01:30 amirAcerAspireF5 kernel:   DMA32    [mem 0x0000000001000000-0x00000000ffffffff]
Jan 24 15:01:30 amirAcerAspireF5 kernel:   Normal   [mem 0x0000000100000000-0x00000001827fffff]
Jan 24 15:01:30 amirAcerAspireF5 kernel:   Device   empty
Jan 24 15:01:30 amirAcerAspireF5 kernel: Movable zone start for each node
Jan 24 15:01:30 amirAcerAspireF5 kernel: Early memory node ranges
Jan 24 15:01:30 amirAcerAspireF5 kernel:   node   0: [mem 0x0000000000001000-0x000000000009dfff]
Jan 24 15:01:30 amirAcerAspireF5 kernel:   node   0: [mem 0x0000000000100000-0x000000006834bfff]
Jan 24 15:01:30 amirAcerAspireF5 kernel:   node   0: [mem 0x0000000068377000-0x0000000068427fff]
Jan 24 15:01:30 amirAcerAspireF5 kernel:   node   0: [mem 0x0000000068d29000-0x0000000075c3dfff]
Jan 24 15:01:30 amirAcerAspireF5 kernel:   node   0: [mem 0x0000000077ffe000-0x0000000077ffefff]
Jan 24 15:01:30 amirAcerAspireF5 kernel:   node   0: [mem 0x0000000100000000-0x00000001827fffff]
Jan 24 15:01:30 amirAcerAspireF5 kernel: Initmem setup node 0 [mem 0x0000000000001000-0x00000001827fffff]
Jan 24 15:01:30 amirAcerAspireF5 kernel: On node 0, zone DMA: 1 pages in unavailable ranges
Jan 24 15:01:30 amirAcerAspireF5 kernel: On node 0, zone DMA: 98 pages in unavailable ranges
Jan 24 15:01:30 amirAcerAspireF5 kernel: On node 0, zone DMA32: 43 pages in unavailable ranges
Jan 24 15:01:30 amirAcerAspireF5 kernel: On node 0, zone DMA32: 2305 pages in unavailable ranges
Jan 24 15:01:30 amirAcerAspireF5 kernel: On node 0, zone DMA32: 9152 pages in unavailable ranges
Jan 24 15:01:30 amirAcerAspireF5 kernel: On node 0, zone Normal: 1 pages in unavailable ranges
Jan 24 15:01:30 amirAcerAspireF5 kernel: On node 0, zone Normal: 22528 pages in unavailable ranges
Jan 24 15:01:30 amirAcerAspireF5 kernel: Reserving Intel graphics memory at [mem 0x7a800000-0x7c7fffff]
Jan 24 15:01:30 amirAcerAspireF5 kernel: ACPI: PM-Timer IO Port: 0x1808
Jan 24 15:01:30 amirAcerAspireF5 kernel: ACPI: LAPIC_NMI (acpi_id[0x01] high edge lint[0x1])
Jan 24 15:01:30 amirAcerAspireF5 kernel: ACPI: LAPIC_NMI (acpi_id[0x02] high edge lint[0x1])
Jan 24 15:01:30 amirAcerAspireF5 kernel: ACPI: LAPIC_NMI (acpi_id[0x03] high edge lint[0x1])
Jan 24 15:01:30 amirAcerAspireF5 kernel: ACPI: LAPIC_NMI (acpi_id[0x04] high edge lint[0x1])
Jan 24 15:01:30 amirAcerAspireF5 kernel: ACPI: LAPIC_NMI (acpi_id[0x05] high edge lint[0x1])
Jan 24 15:01:30 amirAcerAspireF5 kernel: ACPI: LAPIC_NMI (acpi_id[0x06] high edge lint[0x1])
Jan 24 15:01:30 amirAcerAspireF5 kernel: ACPI: LAPIC_NMI (acpi_id[0x07] high edge lint[0x1])
Jan 24 15:01:30 amirAcerAspireF5 kernel: ACPI: LAPIC_NMI (acpi_id[0x08] high edge lint[0x1])
Jan 24 15:01:30 amirAcerAspireF5 kernel: IOAPIC[0]: apic_id 2, version 32, address 0xfec00000, GSI 0-119
Jan 24 15:01:30 amirAcerAspireF5 kernel: ACPI: INT_SRC_OVR (bus 0 bus_irq 0 global_irq 2 dfl dfl)
Jan 24 15:01:30 amirAcerAspireF5 kernel: ACPI: INT_SRC_OVR (bus 0 bus_irq 9 global_irq 9 high level)
Jan 24 15:01:30 amirAcerAspireF5 kernel: ACPI: Using ACPI (MADT) for SMP configuration information
Jan 24 15:01:30 amirAcerAspireF5 kernel: ACPI: HPET id: 0x8086a201 base: 0xfed00000
Jan 24 15:01:30 amirAcerAspireF5 kernel: [Firmware Bug]: TSC_DEADLINE disabled due to Errata; please update microcode to version: 0xb2 (or later)
Jan 24 15:01:30 amirAcerAspireF5 kernel: smpboot: Allowing 4 CPUs, 0 hotplug CPUs
Jan 24 15:01:30 amirAcerAspireF5 kernel: PM: hibernation: Registered nosave memory: [mem 0x00000000-0x00000fff]
Jan 24 15:01:30 amirAcerAspireF5 kernel: PM: hibernation: Registered nosave memory: [mem 0x0009e000-0x0009efff]
Jan 24 15:01:30 amirAcerAspireF5 kernel: PM: hibernation: Registered nosave memory: [mem 0x0009f000-0x0009ffff]
Jan 24 15:01:30 amirAcerAspireF5 kernel: PM: hibernation: Registered nosave memory: [mem 0x000a0000-0x000dffff]
Jan 24 15:01:30 amirAcerAspireF5 kernel: PM: hibernation: Registered nosave memory: [mem 0x000e0000-0x000fffff]
Jan 24 15:01:30 amirAcerAspireF5 kernel: PM: hibernation: Registered nosave memory: [mem 0x6834c000-0x6834cfff]
Jan 24 15:01:30 amirAcerAspireF5 kernel: PM: hibernation: Registered nosave memory: [mem 0x6834d000-0x68376fff]
Jan 24 15:01:30 amirAcerAspireF5 kernel: PM: hibernation: Registered nosave memory: [mem 0x68428000-0x68d28fff]
Jan 24 15:01:30 amirAcerAspireF5 kernel: PM: hibernation: Registered nosave memory: [mem 0x75c3e000-0x7662dfff]
Jan 24 15:01:30 amirAcerAspireF5 kernel: PM: hibernation: Registered nosave memory: [mem 0x7662e000-0x77fadfff]
Jan 24 15:01:30 amirAcerAspireF5 kernel: PM: hibernation: Registered nosave memory: [mem 0x77fae000-0x77ffdfff]
Jan 24 15:01:30 amirAcerAspireF5 kernel: PM: hibernation: Registered nosave memory: [mem 0x77fff000-0x780fffff]
Jan 24 15:01:30 amirAcerAspireF5 kernel: PM: hibernation: Registered nosave memory: [mem 0x78100000-0x78ffffff]
Jan 24 15:01:30 amirAcerAspireF5 kernel: PM: hibernation: Registered nosave memory: [mem 0x79000000-0x7c7fffff]
Jan 24 15:01:30 amirAcerAspireF5 kernel: PM: hibernation: Registered nosave memory: [mem 0x7c800000-0xdfffffff]
Jan 24 15:01:30 amirAcerAspireF5 kernel: PM: hibernation: Registered nosave memory: [mem 0xe0000000-0xefffffff]
Jan 24 15:01:30 amirAcerAspireF5 kernel: PM: hibernation: Registered nosave memory: [mem 0xf0000000-0xfcffffff]
Jan 24 15:01:30 amirAcerAspireF5 kernel: PM: hibernation: Registered nosave memory: [mem 0xfd000000-0xfe7fffff]
Jan 24 15:01:30 amirAcerAspireF5 kernel: PM: hibernation: Registered nosave memory: [mem 0xfe800000-0xfeafffff]
Jan 24 15:01:30 amirAcerAspireF5 kernel: PM: hibernation: Registered nosave memory: [mem 0xfeb00000-0xfeb03fff]
Jan 24 15:01:30 amirAcerAspireF5 kernel: PM: hibernation: Registered nosave memory: [mem 0xfeb04000-0xfebfffff]
Jan 24 15:01:30 amirAcerAspireF5 kernel: PM: hibernation: Registered nosave memory: [mem 0xfec00000-0xfec00fff]
Jan 24 15:01:30 amirAcerAspireF5 kernel: PM: hibernation: Registered nosave memory: [mem 0xfec01000-0xfecfffff]
Jan 24 15:01:30 amirAcerAspireF5 kernel: PM: hibernation: Registered nosave memory: [mem 0xfed00000-0xfed00fff]
Jan 24 15:01:30 amirAcerAspireF5 kernel: PM: hibernation: Registered nosave memory: [mem 0xfed01000-0xfed0ffff]
Jan 24 15:01:30 amirAcerAspireF5 kernel: PM: hibernation: Registered nosave memory: [mem 0xfed10000-0xfed19fff]
Jan 24 15:01:30 amirAcerAspireF5 kernel: PM: hibernation: Registered nosave memory: [mem 0xfed1a000-0xfed83fff]
Jan 24 15:01:30 amirAcerAspireF5 kernel: PM: hibernation: Registered nosave memory: [mem 0xfed84000-0xfed84fff]
Jan 24 15:01:30 amirAcerAspireF5 kernel: PM: hibernation: Registered nosave memory: [mem 0xfed85000-0xfedfffff]
Jan 24 15:01:30 amirAcerAspireF5 kernel: PM: hibernation: Registered nosave memory: [mem 0xfee00000-0xfee00fff]
Jan 24 15:01:30 amirAcerAspireF5 kernel: PM: hibernation: Registered nosave memory: [mem 0xfee01000-0xff9fffff]
Jan 24 15:01:30 amirAcerAspireF5 kernel: PM: hibernation: Registered nosave memory: [mem 0xffa00000-0xffffffff]
Jan 24 15:01:30 amirAcerAspireF5 kernel: [mem 0x7c800000-0xdfffffff] available for PCI devices
Jan 24 15:01:30 amirAcerAspireF5 kernel: Booting paravirtualized kernel on bare hardware
Jan 24 15:01:30 amirAcerAspireF5 kernel: clocksource: refined-jiffies: mask: 0xffffffff max_cycles: 0xffffffff, max_idle_ns: 6370452778343963 ns
Jan 24 15:01:30 amirAcerAspireF5 kernel: setup_percpu: NR_CPUS:320 nr_cpumask_bits:4 nr_cpu_ids:4 nr_node_ids:1
Jan 24 15:01:30 amirAcerAspireF5 kernel: percpu: Embedded 63 pages/cpu s221184 r8192 d28672 u524288
Jan 24 15:01:30 amirAcerAspireF5 kernel: pcpu-alloc: s221184 r8192 d28672 u524288 alloc=1*2097152
Jan 24 15:01:30 amirAcerAspireF5 kernel: pcpu-alloc: [0] 0 1 2 3 
Jan 24 15:01:30 amirAcerAspireF5 kernel: Fallback order for Node 0: 0 
Jan 24 15:01:30 amirAcerAspireF5 kernel: Built 1 zonelists, mobility grouping on.  Total pages: 998438
Jan 24 15:01:30 amirAcerAspireF5 kernel: Policy zone: Normal
Jan 24 15:01:30 amirAcerAspireF5 kernel: Kernel command line: BOOT_IMAGE=/boot/vmlinuz-linux root=UUID=8236de7f-9cf5-45bc-9296-53007fa2265e rw loglevel=3 quiet
Jan 24 15:01:30 amirAcerAspireF5 kernel: Unknown kernel command line parameters "BOOT_IMAGE=/boot/vmlinuz-linux", will be passed to user space.
Jan 24 15:01:30 amirAcerAspireF5 kernel: random: crng init done
Jan 24 15:01:30 amirAcerAspireF5 kernel: Dentry cache hash table entries: 524288 (order: 10, 4194304 bytes, linear)
Jan 24 15:01:30 amirAcerAspireF5 kernel: Inode-cache hash table entries: 262144 (order: 9, 2097152 bytes, linear)
Jan 24 15:01:30 amirAcerAspireF5 kernel: mem auto-init: stack:all(zero), heap alloc:on, heap free:off
Jan 24 15:01:30 amirAcerAspireF5 kernel: software IO TLB: area num 4.
Jan 24 15:01:30 amirAcerAspireF5 kernel: Memory: 3857788K/4057792K available (16391K kernel code, 2133K rwdata, 11076K rodata, 2144K init, 3360K bss, 199744K reserved, 0K cma-reserved)
Jan 24 15:01:30 amirAcerAspireF5 kernel: SLUB: HWalign=64, Order=0-3, MinObjects=0, CPUs=4, Nodes=1
Jan 24 15:01:30 amirAcerAspireF5 kernel: Kernel/User page tables isolation: enabled
Jan 24 15:01:30 amirAcerAspireF5 kernel: ftrace: allocating 46403 entries in 182 pages
Jan 24 15:01:30 amirAcerAspireF5 kernel: ftrace: allocated 182 pages with 5 groups
Jan 24 15:01:30 amirAcerAspireF5 kernel: Dynamic Preempt: full
Jan 24 15:01:30 amirAcerAspireF5 kernel: rcu: Preemptible hierarchical RCU implementation.
Jan 24 15:01:30 amirAcerAspireF5 kernel: rcu:         RCU restricting CPUs from NR_CPUS=320 to nr_cpu_ids=4.
Jan 24 15:01:30 amirAcerAspireF5 kernel: rcu:         RCU priority boosting: priority 1 delay 500 ms.
Jan 24 15:01:30 amirAcerAspireF5 kernel:         Trampoline variant of Tasks RCU enabled.
Jan 24 15:01:30 amirAcerAspireF5 kernel:         Rude variant of Tasks RCU enabled.
Jan 24 15:01:30 amirAcerAspireF5 kernel:         Tracing variant of Tasks RCU enabled.
Jan 24 15:01:30 amirAcerAspireF5 kernel: rcu: RCU calculated value of scheduler-enlistment delay is 30 jiffies.
Jan 24 15:01:30 amirAcerAspireF5 kernel: rcu: Adjusting geometry for rcu_fanout_leaf=16, nr_cpu_ids=4
Jan 24 15:01:30 amirAcerAspireF5 kernel: NR_IRQS: 20736, nr_irqs: 1024, preallocated irqs: 16
Jan 24 15:01:30 amirAcerAspireF5 kernel: rcu: srcu_init: Setting srcu_struct sizes based on contention.
Jan 24 15:01:30 amirAcerAspireF5 kernel: kfence: initialized - using 2097152 bytes for 255 objects at 0x(____ptrval____)-0x(____ptrval____)
Jan 24 15:01:30 amirAcerAspireF5 kernel: Console: colour dummy device 80x25
Jan 24 15:01:30 amirAcerAspireF5 kernel: printk: console [tty0] enabled
Jan 24 15:01:30 amirAcerAspireF5 kernel: ACPI: Core revision 20220331
Jan 24 15:01:30 amirAcerAspireF5 kernel: clocksource: hpet: mask: 0xffffffff max_cycles: 0xffffffff, max_idle_ns: 79635855245 ns
Jan 24 15:01:30 amirAcerAspireF5 kernel: APIC: Switch to symmetric I/O mode setup
Jan 24 15:01:30 amirAcerAspireF5 kernel: DMAR: Host address width 39
Jan 24 15:01:30 amirAcerAspireF5 kernel: DMAR: DRHD base: 0x000000fed90000 flags: 0x0
Jan 24 15:01:30 amirAcerAspireF5 kernel: DMAR: dmar0: reg_base_addr fed90000 ver 1:0 cap 1c0000c40660462 ecap 7e3ff0505e
Jan 24 15:01:30 amirAcerAspireF5 kernel: DMAR: DRHD base: 0x000000fed91000 flags: 0x1
Jan 24 15:01:30 amirAcerAspireF5 kernel: DMAR: dmar1: reg_base_addr fed91000 ver 1:0 cap d2008c40660462 ecap f050da
Jan 24 15:01:30 amirAcerAspireF5 kernel: DMAR: RMRR base: 0x0000007652a000 end: 0x00000076549fff
Jan 24 15:01:30 amirAcerAspireF5 kernel: DMAR: RMRR base: 0x0000007a000000 end: 0x0000007c7fffff
Jan 24 15:01:30 amirAcerAspireF5 kernel: DMAR: ANDD device: 1 name: \_SB.PCI0.I2C0
Jan 24 15:01:30 amirAcerAspireF5 kernel: DMAR-IR: IOAPIC id 2 under DRHD base  0xfed91000 IOMMU 1
Jan 24 15:01:30 amirAcerAspireF5 kernel: DMAR-IR: HPET id 0 under DRHD base 0xfed91000
Jan 24 15:01:30 amirAcerAspireF5 kernel: DMAR-IR: x2apic is disabled because BIOS sets x2apic opt out bit.
Jan 24 15:01:30 amirAcerAspireF5 kernel: DMAR-IR: Use 'intremap=no_x2apic_optout' to override the BIOS setting.
Jan 24 15:01:30 amirAcerAspireF5 kernel: DMAR-IR: Enabled IRQ remapping in xapic mode
Jan 24 15:01:30 amirAcerAspireF5 kernel: x2apic: IRQ remapping doesn't support X2APIC mode
Jan 24 15:01:30 amirAcerAspireF5 kernel: ..TIMER: vector=0x30 apic1=0 pin1=2 apic2=-1 pin2=-1
Jan 24 15:01:30 amirAcerAspireF5 kernel: clocksource: tsc-early: mask: 0xffffffffffffffff max_cycles: 0x22983777dd9, max_idle_ns: 440795300422 ns
Jan 24 15:01:30 amirAcerAspireF5 kernel: Calibrating delay loop (skipped), value calculated using timer frequency.. 4801.00 BogoMIPS (lpj=8000000)
Jan 24 15:01:30 amirAcerAspireF5 kernel: pid_max: default: 32768 minimum: 301
Jan 24 15:01:30 amirAcerAspireF5 kernel: LSM: Security Framework initializing
Jan 24 15:01:30 amirAcerAspireF5 kernel: landlock: Up and running.
Jan 24 15:01:30 amirAcerAspireF5 kernel: Yama: becoming mindful.
Jan 24 15:01:30 amirAcerAspireF5 kernel: LSM support for eBPF active
Jan 24 15:01:30 amirAcerAspireF5 kernel: Mount-cache hash table entries: 8192 (order: 4, 65536 bytes, linear)
Jan 24 15:01:30 amirAcerAspireF5 kernel: Mountpoint-cache hash table entries: 8192 (order: 4, 65536 bytes, linear)
Jan 24 15:01:30 amirAcerAspireF5 kernel: x86/cpu: SGX disabled by BIOS.
Jan 24 15:01:30 amirAcerAspireF5 kernel: CPU0: Thermal monitoring enabled (TM1)
Jan 24 15:01:30 amirAcerAspireF5 kernel: process: using mwait in idle threads
Jan 24 15:01:30 amirAcerAspireF5 kernel: Last level iTLB entries: 4KB 64, 2MB 8, 4MB 8
Jan 24 15:01:30 amirAcerAspireF5 kernel: Last level dTLB entries: 4KB 64, 2MB 0, 4MB 0, 1GB 4
Jan 24 15:01:30 amirAcerAspireF5 kernel: Spectre V1 : Mitigation: usercopy/swapgs barriers and __user pointer sanitization
Jan 24 15:01:30 amirAcerAspireF5 kernel: Spectre V2 : Mitigation: Retpolines
Jan 24 15:01:30 amirAcerAspireF5 kernel: Spectre V2 : Spectre v2 / SpectreRSB mitigation: Filling RSB on context switch
Jan 24 15:01:30 amirAcerAspireF5 kernel: Spectre V2 : Spectre v2 / SpectreRSB : Filling RSB on VMEXIT
Jan 24 15:01:30 amirAcerAspireF5 kernel: RETBleed: WARNING: Spectre v2 mitigation leaves CPU vulnerable to RETBleed attacks, data leaks possible!
Jan 24 15:01:30 amirAcerAspireF5 kernel: RETBleed: Vulnerable
Jan 24 15:01:30 amirAcerAspireF5 kernel: Speculative Store Bypass: Vulnerable
Jan 24 15:01:30 amirAcerAspireF5 kernel: MDS: Vulnerable: Clear CPU buffers attempted, no microcode
Jan 24 15:01:30 amirAcerAspireF5 kernel: MMIO Stale Data: Vulnerable: Clear CPU buffers attempted, no microcode
Jan 24 15:01:30 amirAcerAspireF5 kernel: SRBDS: Vulnerable: No microcode
Jan 24 15:01:30 amirAcerAspireF5 kernel: Freeing SMP alternatives memory: 40K
Jan 24 15:01:30 amirAcerAspireF5 kernel: smpboot: CPU0: Intel(R) Core(TM) i5-6200U CPU @ 2.30GHz (family: 0x6, model: 0x4e, stepping: 0x3)
Jan 24 15:01:30 amirAcerAspireF5 kernel: cblist_init_generic: Setting adjustable number of callback queues.
Jan 24 15:01:30 amirAcerAspireF5 kernel: cblist_init_generic: Setting shift to 2 and lim to 1.
Jan 24 15:01:30 amirAcerAspireF5 kernel: cblist_init_generic: Setting shift to 2 and lim to 1.
Jan 24 15:01:30 amirAcerAspireF5 kernel: cblist_init_generic: Setting shift to 2 and lim to 1.
Jan 24 15:01:30 amirAcerAspireF5 kernel: Performance Events: PEBS fmt3+, Skylake events, 32-deep LBR, full-width counters, Intel PMU driver.
Jan 24 15:01:30 amirAcerAspireF5 kernel: ... version:                4
Jan 24 15:01:30 amirAcerAspireF5 kernel: ... bit width:              48
Jan 24 15:01:30 amirAcerAspireF5 kernel: ... generic registers:      4
Jan 24 15:01:30 amirAcerAspireF5 kernel: ... value mask:             0000ffffffffffff
Jan 24 15:01:30 amirAcerAspireF5 kernel: ... max period:             00007fffffffffff
Jan 24 15:01:30 amirAcerAspireF5 kernel: ... fixed-purpose events:   3
Jan 24 15:01:30 amirAcerAspireF5 kernel: ... event mask:             000000070000000f
Jan 24 15:01:30 amirAcerAspireF5 kernel: Estimated ratio of average max frequency by base frequency (times 1024): 1109
Jan 24 15:01:30 amirAcerAspireF5 kernel: rcu: Hierarchical SRCU implementation.
Jan 24 15:01:30 amirAcerAspireF5 kernel: rcu:         Max phase no-delay instances is 1000.
Jan 24 15:01:30 amirAcerAspireF5 kernel: NMI watchdog: Enabled. Permanently consumes one hw-PMU counter.
Jan 24 15:01:30 amirAcerAspireF5 kernel: smp: Bringing up secondary CPUs ...
Jan 24 15:01:30 amirAcerAspireF5 kernel: x86: Booting SMP configuration:
Jan 24 15:01:30 amirAcerAspireF5 kernel: .... node  #0, CPUs:      #1 #2
Jan 24 15:01:30 amirAcerAspireF5 kernel: MDS CPU bug present and SMT on, data leak possible. See https://www.kernel.org/doc/html/latest/admin-guide/hw-vuln/mds.html for more details.
Jan 24 15:01:30 amirAcerAspireF5 kernel: MMIO Stale Data CPU bug present and SMT on, data leak possible. See https://www.kernel.org/doc/html/latest/admin-guide/hw-vuln/processor_mmio_stale_data.html for more details.
Jan 24 15:01:30 amirAcerAspireF5 kernel:  #3
Jan 24 15:01:30 amirAcerAspireF5 kernel: smp: Brought up 1 node, 4 CPUs
Jan 24 15:01:30 amirAcerAspireF5 kernel: smpboot: Max logical packages: 1
Jan 24 15:01:30 amirAcerAspireF5 kernel: smpboot: Total of 4 processors activated (19207.00 BogoMIPS)
Jan 24 15:01:30 amirAcerAspireF5 kernel: devtmpfs: initialized
Jan 24 15:01:30 amirAcerAspireF5 kernel: x86/mm: Memory block size: 128MB
Jan 24 15:01:30 amirAcerAspireF5 kernel: ACPI: PM: Registering ACPI NVS region [mem 0x6834c000-0x6834cfff] (4096 bytes)
Jan 24 15:01:30 amirAcerAspireF5 kernel: ACPI: PM: Registering ACPI NVS region [mem 0x7662e000-0x77fadfff] (26738688 bytes)
Jan 24 15:01:30 amirAcerAspireF5 kernel: clocksource: jiffies: mask: 0xffffffff max_cycles: 0xffffffff, max_idle_ns: 6370867519511994 ns
Jan 24 15:01:30 amirAcerAspireF5 kernel: futex hash table entries: 1024 (order: 4, 65536 bytes, linear)
Jan 24 15:01:30 amirAcerAspireF5 kernel: pinctrl core: initialized pinctrl subsystem
Jan 24 15:01:30 amirAcerAspireF5 kernel: PM: RTC time: 11:31:21, date: 2023-01-24
Jan 24 15:01:30 amirAcerAspireF5 kernel: NET: Registered PF_NETLINK/PF_ROUTE protocol family
Jan 24 15:01:30 amirAcerAspireF5 kernel: DMA: preallocated 512 KiB GFP_KERNEL pool for atomic allocations
Jan 24 15:01:30 amirAcerAspireF5 kernel: DMA: preallocated 512 KiB GFP_KERNEL|GFP_DMA pool for atomic allocations
Jan 24 15:01:30 amirAcerAspireF5 kernel: DMA: preallocated 512 KiB GFP_KERNEL|GFP_DMA32 pool for atomic allocations
Jan 24 15:01:30 amirAcerAspireF5 kernel: audit: initializing netlink subsys (disabled)
Jan 24 15:01:30 amirAcerAspireF5 kernel: audit: type=2000 audit(1674559881.049:1): state=initialized audit_enabled=0 res=1
Jan 24 15:01:30 amirAcerAspireF5 kernel: thermal_sys: Registered thermal governor 'fair_share'
Jan 24 15:01:30 amirAcerAspireF5 kernel: thermal_sys: Registered thermal governor 'bang_bang'
Jan 24 15:01:30 amirAcerAspireF5 kernel: thermal_sys: Registered thermal governor 'step_wise'
Jan 24 15:01:30 amirAcerAspireF5 kernel: thermal_sys: Registered thermal governor 'user_space'
Jan 24 15:01:30 amirAcerAspireF5 kernel: thermal_sys: Registered thermal governor 'power_allocator'
Jan 24 15:01:30 amirAcerAspireF5 kernel: cpuidle: using governor ladder
Jan 24 15:01:30 amirAcerAspireF5 kernel: cpuidle: using governor menu
Jan 24 15:01:30 amirAcerAspireF5 kernel: Simple Boot Flag at 0x44 set to 0x1
Jan 24 15:01:30 amirAcerAspireF5 kernel: ACPI FADT declares the system doesn't support PCIe ASPM, so disable it
Jan 24 15:01:30 amirAcerAspireF5 kernel: acpiphp: ACPI Hot Plug PCI Controller Driver version: 0.5
Jan 24 15:01:30 amirAcerAspireF5 kernel: PCI: MMCONFIG for domain 0000 [bus 00-ff] at [mem 0xe0000000-0xefffffff] (base 0xe0000000)
Jan 24 15:01:30 amirAcerAspireF5 kernel: PCI: MMCONFIG at [mem 0xe0000000-0xefffffff] reserved in E820
Jan 24 15:01:30 amirAcerAspireF5 kernel: pmd_set_huge: Cannot satisfy [mem 0xe0000000-0xe0200000] with a huge-page mapping due to MTRR override.
Jan 24 15:01:30 amirAcerAspireF5 kernel: PCI: Using configuration type 1 for base access
Jan 24 15:01:30 amirAcerAspireF5 kernel: ENERGY_PERF_BIAS: Set to 'normal', was 'performance'
Jan 24 15:01:30 amirAcerAspireF5 kernel: kprobes: kprobe jump-optimization is enabled. All kprobes are optimized if possible.
Jan 24 15:01:30 amirAcerAspireF5 kernel: HugeTLB: registered 1.00 GiB page size, pre-allocated 0 pages
Jan 24 15:01:30 amirAcerAspireF5 kernel: HugeTLB: 16380 KiB vmemmap can be freed for a 1.00 GiB page
Jan 24 15:01:30 amirAcerAspireF5 kernel: HugeTLB: registered 2.00 MiB page size, pre-allocated 0 pages
Jan 24 15:01:30 amirAcerAspireF5 kernel: HugeTLB: 28 KiB vmemmap can be freed for a 2.00 MiB page
Jan 24 15:01:30 amirAcerAspireF5 kernel: ACPI: Added _OSI(Module Device)
Jan 24 15:01:30 amirAcerAspireF5 kernel: ACPI: Added _OSI(Processor Device)
Jan 24 15:01:30 amirAcerAspireF5 kernel: ACPI: Added _OSI(3.0 _SCP Extensions)
Jan 24 15:01:30 amirAcerAspireF5 kernel: ACPI: Added _OSI(Processor Aggregator Device)
Jan 24 15:01:30 amirAcerAspireF5 kernel: ACPI: 10 ACPI AML tables successfully acquired and loaded
Jan 24 15:01:30 amirAcerAspireF5 kernel: ACPI: [Firmware Bug]: BIOS _OSI(Linux) query ignored
Jan 24 15:01:30 amirAcerAspireF5 kernel: ACPI: Dynamic OEM Table Load:
Jan 24 15:01:30 amirAcerAspireF5 kernel: ACPI: SSDT 0xFFFF98D240DB5800 00061E (v02 PmRef  Cpu0Ist  00003000 INTL 20130117)
Jan 24 15:01:30 amirAcerAspireF5 kernel: ACPI: \_PR_.CPU0: _OSC native thermal LVT Acked
Jan 24 15:01:30 amirAcerAspireF5 kernel: ACPI: Dynamic OEM Table Load:
Jan 24 15:01:30 amirAcerAspireF5 kernel: ACPI: SSDT 0xFFFF98D2412B3000 00037F (v02 PmRef  Cpu0Cst  00003001 INTL 20130117)
Jan 24 15:01:30 amirAcerAspireF5 kernel: ACPI: Dynamic OEM Table Load:
Jan 24 15:01:30 amirAcerAspireF5 kernel: ACPI: SSDT 0xFFFF98D240DB7000 0005AA (v02 PmRef  ApIst    00003000 INTL 20130117)
Jan 24 15:01:30 amirAcerAspireF5 kernel: ACPI: Dynamic OEM Table Load:
Jan 24 15:01:30 amirAcerAspireF5 kernel: ACPI: SSDT 0xFFFF98D241277400 000119 (v02 PmRef  ApCst    00003000 INTL 20130117)
Jan 24 15:01:30 amirAcerAspireF5 kernel: ACPI: EC: EC started
Jan 24 15:01:30 amirAcerAspireF5 kernel: ACPI: EC: interrupt blocked
Jan 24 15:01:30 amirAcerAspireF5 kernel: ACPI: EC: EC_CMD/EC_SC=0x66, EC_DATA=0x62
Jan 24 15:01:30 amirAcerAspireF5 kernel: ACPI: \_SB_.PCI0.LPCB.EC0_: Boot DSDT EC used to handle transactions
Jan 24 15:01:30 amirAcerAspireF5 kernel: ACPI: Interpreter enabled
Jan 24 15:01:30 amirAcerAspireF5 kernel: ACPI: PM: (supports S0 S3 S4 S5)
Jan 24 15:01:30 amirAcerAspireF5 kernel: ACPI: Using IOAPIC for interrupt routing
Jan 24 15:01:30 amirAcerAspireF5 kernel: PCI: Using host bridge windows from ACPI; if necessary, use "pci=nocrs" and report a bug
Jan 24 15:01:30 amirAcerAspireF5 kernel: PCI: Using E820 reservations for host bridge windows
Jan 24 15:01:30 amirAcerAspireF5 kernel: ACPI: Enabled 9 GPEs in block 00 to 7F
Jan 24 15:01:30 amirAcerAspireF5 kernel: ACPI: PM: Power Resource [PC01]
Jan 24 15:01:30 amirAcerAspireF5 kernel: ACPI: PCI Root Bridge [PCI0] (domain 0000 [bus 00-fe])
Jan 24 15:01:30 amirAcerAspireF5 kernel: acpi PNP0A08:00: _OSC: OS supports [ExtendedConfig ASPM ClockPM Segments MSI EDR HPX-Type3]
Jan 24 15:01:30 amirAcerAspireF5 kernel: acpi PNP0A08:00: _OSC: OS now controls [PCIeHotplug SHPCHotplug PME AER PCIeCapability LTR DPC]
Jan 24 15:01:30 amirAcerAspireF5 kernel: acpi PNP0A08:00: FADT indicates ASPM is unsupported, using BIOS configuration
Jan 24 15:01:30 amirAcerAspireF5 kernel: PCI host bridge to bus 0000:00
Jan 24 15:01:30 amirAcerAspireF5 kernel: pci_bus 0000:00: root bus resource [io  0x0000-0x0cf7 window]
Jan 24 15:01:30 amirAcerAspireF5 kernel: pci_bus 0000:00: root bus resource [io  0x0d00-0xffff window]
Jan 24 15:01:30 amirAcerAspireF5 kernel: pci_bus 0000:00: root bus resource [mem 0x000a0000-0x000bffff window]
Jan 24 15:01:30 amirAcerAspireF5 kernel: pci_bus 0000:00: root bus resource [mem 0x7c800000-0xdfffffff window]
Jan 24 15:01:30 amirAcerAspireF5 kernel: pci_bus 0000:00: root bus resource [mem 0xfd000000-0xfe7fffff window]
Jan 24 15:01:30 amirAcerAspireF5 kernel: pci_bus 0000:00: root bus resource [bus 00-fe]
Jan 24 15:01:30 amirAcerAspireF5 kernel: pci 0000:00:00.0: [8086:1904] type 00 class 0x060000
Jan 24 15:01:30 amirAcerAspireF5 kernel: pci 0000:00:02.0: [8086:1916] type 00 class 0x030000
Jan 24 15:01:30 amirAcerAspireF5 kernel: pci 0000:00:02.0: reg 0x10: [mem 0x92000000-0x92ffffff 64bit]
Jan 24 15:01:30 amirAcerAspireF5 kernel: pci 0000:00:02.0: reg 0x18: [mem 0xa0000000-0xafffffff 64bit pref]
Jan 24 15:01:30 amirAcerAspireF5 kernel: pci 0000:00:02.0: reg 0x20: [io  0x5000-0x503f]
Jan 24 15:01:30 amirAcerAspireF5 kernel: pci 0000:00:02.0: Video device with shadowed ROM at [mem 0x000c0000-0x000dffff]
Jan 24 15:01:30 amirAcerAspireF5 kernel: pci 0000:00:14.0: [8086:9d2f] type 00 class 0x0c0330
Jan 24 15:01:30 amirAcerAspireF5 kernel: pci 0000:00:14.0: reg 0x10: [mem 0x94500000-0x9450ffff 64bit]
Jan 24 15:01:30 amirAcerAspireF5 kernel: pci 0000:00:14.0: PME# supported from D3hot D3cold
Jan 24 15:01:30 amirAcerAspireF5 kernel: pci 0000:00:14.2: [8086:9d31] type 00 class 0x118000
Jan 24 15:01:30 amirAcerAspireF5 kernel: pci 0000:00:14.2: reg 0x10: [mem 0x9452a000-0x9452afff 64bit]
Jan 24 15:01:30 amirAcerAspireF5 kernel: pci 0000:00:15.0: [8086:9d60] type 00 class 0x118000
Jan 24 15:01:30 amirAcerAspireF5 kernel: pci 0000:00:15.0: reg 0x10: [mem 0x9452b000-0x9452bfff 64bit]
Jan 24 15:01:30 amirAcerAspireF5 kernel: pci 0000:00:16.0: [8086:9d3a] type 00 class 0x078000
Jan 24 15:01:30 amirAcerAspireF5 kernel: pci 0000:00:16.0: reg 0x10: [mem 0x9452c000-0x9452cfff 64bit]
Jan 24 15:01:30 amirAcerAspireF5 kernel: pci 0000:00:16.0: PME# supported from D3hot
Jan 24 15:01:30 amirAcerAspireF5 kernel: pci 0000:00:17.0: [8086:9d03] type 00 class 0x010601
Jan 24 15:01:30 amirAcerAspireF5 kernel: pci 0000:00:17.0: reg 0x10: [mem 0x94528000-0x94529fff]
Jan 24 15:01:30 amirAcerAspireF5 kernel: pci 0000:00:17.0: reg 0x14: [mem 0x9452f000-0x9452f0ff]
Jan 24 15:01:30 amirAcerAspireF5 kernel: pci 0000:00:17.0: reg 0x18: [io  0x5080-0x5087]
Jan 24 15:01:30 amirAcerAspireF5 kernel: pci 0000:00:17.0: reg 0x1c: [io  0x5088-0x508b]
Jan 24 15:01:30 amirAcerAspireF5 kernel: pci 0000:00:17.0: reg 0x20: [io  0x5060-0x507f]
Jan 24 15:01:30 amirAcerAspireF5 kernel: pci 0000:00:17.0: reg 0x24: [mem 0x9452d000-0x9452d7ff]
Jan 24 15:01:30 amirAcerAspireF5 kernel: pci 0000:00:17.0: PME# supported from D3hot
Jan 24 15:01:30 amirAcerAspireF5 kernel: pci 0000:00:1c.0: [8086:9d10] type 01 class 0x060400
Jan 24 15:01:30 amirAcerAspireF5 kernel: pci 0000:00:1c.0: PME# supported from D0 D3hot D3cold
Jan 24 15:01:30 amirAcerAspireF5 kernel: pci 0000:00:1c.4: [8086:9d14] type 01 class 0x060400
Jan 24 15:01:30 amirAcerAspireF5 kernel: pci 0000:00:1c.4: PME# supported from D0 D3hot D3cold
Jan 24 15:01:30 amirAcerAspireF5 kernel: pci 0000:00:1c.5: [8086:9d15] type 01 class 0x060400
Jan 24 15:01:30 amirAcerAspireF5 kernel: pci 0000:00:1c.5: PME# supported from D0 D3hot D3cold
Jan 24 15:01:30 amirAcerAspireF5 kernel: pci 0000:00:1f.0: [8086:9d48] type 00 class 0x060100
Jan 24 15:01:30 amirAcerAspireF5 kernel: pci 0000:00:1f.2: [8086:9d21] type 00 class 0x058000
Jan 24 15:01:30 amirAcerAspireF5 kernel: pci 0000:00:1f.2: reg 0x10: [mem 0x94524000-0x94527fff]
Jan 24 15:01:30 amirAcerAspireF5 kernel: pci 0000:00:1f.3: [8086:9d70] type 00 class 0x040300
Jan 24 15:01:30 amirAcerAspireF5 kernel: pci 0000:00:1f.3: reg 0x10: [mem 0x94520000-0x94523fff 64bit]
Jan 24 15:01:30 amirAcerAspireF5 kernel: pci 0000:00:1f.3: reg 0x20: [mem 0x94510000-0x9451ffff 64bit]
Jan 24 15:01:30 amirAcerAspireF5 kernel: pci 0000:00:1f.3: PME# supported from D3hot D3cold
Jan 24 15:01:30 amirAcerAspireF5 kernel: pci 0000:00:1f.4: [8086:9d23] type 00 class 0x0c0500
Jan 24 15:01:30 amirAcerAspireF5 kernel: pci 0000:00:1f.4: reg 0x10: [mem 0x9452e000-0x9452e0ff 64bit]
Jan 24 15:01:30 amirAcerAspireF5 kernel: pci 0000:00:1f.4: reg 0x20: [io  0x5040-0x505f]
Jan 24 15:01:30 amirAcerAspireF5 kernel: pci 0000:01:00.0: [10de:1299] type 00 class 0x030200
Jan 24 15:01:30 amirAcerAspireF5 kernel: pci 0000:01:00.0: reg 0x10: [mem 0x93000000-0x93ffffff]
Jan 24 15:01:30 amirAcerAspireF5 kernel: pci 0000:01:00.0: reg 0x14: [mem 0x80000000-0x8fffffff 64bit pref]
Jan 24 15:01:30 amirAcerAspireF5 kernel: pci 0000:01:00.0: reg 0x1c: [mem 0x90000000-0x91ffffff 64bit pref]
Jan 24 15:01:30 amirAcerAspireF5 kernel: pci 0000:01:00.0: reg 0x24: [io  0x4000-0x407f]
Jan 24 15:01:30 amirAcerAspireF5 kernel: pci 0000:01:00.0: reg 0x30: [mem 0xfff80000-0xffffffff pref]
Jan 24 15:01:30 amirAcerAspireF5 kernel: pci 0000:01:00.0: Enabling HDA controller
Jan 24 15:01:30 amirAcerAspireF5 kernel: pci 0000:01:00.0: 16.000 Gb/s available PCIe bandwidth, limited by 5.0 GT/s PCIe x4 link at 0000:00:1c.0 (capable of 63.008 Gb/s with 8.0 GT/s PCIe x8 link)
Jan 24 15:01:30 amirAcerAspireF5 kernel: pci 0000:01:00.1: [10de:0e0f] type 00 class 0x040300
Jan 24 15:01:30 amirAcerAspireF5 kernel: pci 0000:01:00.1: reg 0x10: [mem 0x94000000-0x94003fff]
Jan 24 15:01:30 amirAcerAspireF5 kernel: pci 0000:00:1c.0: PCI bridge to [bus 01]
Jan 24 15:01:30 amirAcerAspireF5 kernel: pci 0000:00:1c.0:   bridge window [io  0x4000-0x4fff]
Jan 24 15:01:30 amirAcerAspireF5 kernel: pci 0000:00:1c.0:   bridge window [mem 0x93000000-0x940fffff]
Jan 24 15:01:30 amirAcerAspireF5 kernel: pci 0000:00:1c.0:   bridge window [mem 0x80000000-0x91ffffff 64bit pref]
Jan 24 15:01:30 amirAcerAspireF5 kernel: pci 0000:02:00.0: [10ec:8168] type 00 class 0x020000
Jan 24 15:01:30 amirAcerAspireF5 kernel: pci 0000:02:00.0: reg 0x10: [io  0x3000-0x30ff]
Jan 24 15:01:30 amirAcerAspireF5 kernel: pci 0000:02:00.0: reg 0x18: [mem 0x94404000-0x94404fff 64bit]
Jan 24 15:01:30 amirAcerAspireF5 kernel: pci 0000:02:00.0: reg 0x20: [mem 0x94400000-0x94403fff 64bit]
Jan 24 15:01:30 amirAcerAspireF5 kernel: pci 0000:02:00.0: supports D1 D2
Jan 24 15:01:30 amirAcerAspireF5 kernel: pci 0000:02:00.0: PME# supported from D0 D1 D2 D3hot D3cold
Jan 24 15:01:30 amirAcerAspireF5 kernel: pci 0000:00:1c.4: PCI bridge to [bus 02]
Jan 24 15:01:30 amirAcerAspireF5 kernel: pci 0000:00:1c.4:   bridge window [io  0x3000-0x3fff]
Jan 24 15:01:30 amirAcerAspireF5 kernel: pci 0000:00:1c.4:   bridge window [mem 0x94400000-0x944fffff]
Jan 24 15:01:30 amirAcerAspireF5 kernel: pci 0000:03:00.0: [168c:0042] type 00 class 0x028000
Jan 24 15:01:30 amirAcerAspireF5 kernel: pci 0000:03:00.0: reg 0x10: [mem 0x94200000-0x943fffff 64bit]
Jan 24 15:01:30 amirAcerAspireF5 kernel: pci 0000:03:00.0: PME# supported from D0 D3hot D3cold
Jan 24 15:01:30 amirAcerAspireF5 kernel: pci 0000:00:1c.5: PCI bridge to [bus 03]
Jan 24 15:01:30 amirAcerAspireF5 kernel: pci 0000:00:1c.5:   bridge window [mem 0x94200000-0x943fffff]
Jan 24 15:01:30 amirAcerAspireF5 kernel: ACPI: PCI: Interrupt link LNKA configured for IRQ 11
Jan 24 15:01:30 amirAcerAspireF5 kernel: ACPI: PCI: Interrupt link LNKB configured for IRQ 10
Jan 24 15:01:30 amirAcerAspireF5 kernel: ACPI: PCI: Interrupt link LNKC configured for IRQ 11
Jan 24 15:01:30 amirAcerAspireF5 kernel: ACPI: PCI: Interrupt link LNKD configured for IRQ 11
Jan 24 15:01:30 amirAcerAspireF5 kernel: ACPI: PCI: Interrupt link LNKE configured for IRQ 11
Jan 24 15:01:30 amirAcerAspireF5 kernel: ACPI: PCI: Interrupt link LNKF configured for IRQ 11
Jan 24 15:01:30 amirAcerAspireF5 kernel: ACPI: PCI: Interrupt link LNKG configured for IRQ 11
Jan 24 15:01:30 amirAcerAspireF5 kernel: ACPI: PCI: Interrupt link LNKH configured for IRQ 11
Jan 24 15:01:30 amirAcerAspireF5 kernel: platform MSFT0101:00: failed to claim resource 1: [mem 0xfed40000-0xfed40fff]
Jan 24 15:01:30 amirAcerAspireF5 kernel: acpi MSFT0101:00: platform device creation failed: -16
Jan 24 15:01:30 amirAcerAspireF5 kernel: ACPI Warning: GPE type mismatch (level/edge) (20220331/evxface-791)
Jan 24 15:01:30 amirAcerAspireF5 kernel: ACPI: EC: interrupt unblocked
Jan 24 15:01:30 amirAcerAspireF5 kernel: ACPI: EC: event unblocked
Jan 24 15:01:30 amirAcerAspireF5 kernel: ACPI: EC: EC_CMD/EC_SC=0x66, EC_DATA=0x62
Jan 24 15:01:30 amirAcerAspireF5 kernel: ACPI: EC: GPE=0x50
Jan 24 15:01:30 amirAcerAspireF5 kernel: ACPI: \_SB_.PCI0.LPCB.EC0_: Boot DSDT EC initialization complete
Jan 24 15:01:30 amirAcerAspireF5 kernel: ACPI: \_SB_.PCI0.LPCB.EC0_: EC: Used to handle transactions and events
Jan 24 15:01:30 amirAcerAspireF5 kernel: iommu: Default domain type: Translated 
Jan 24 15:01:30 amirAcerAspireF5 kernel: iommu: DMA domain TLB invalidation policy: lazy mode 
Jan 24 15:01:30 amirAcerAspireF5 kernel: SCSI subsystem initialized
Jan 24 15:01:30 amirAcerAspireF5 kernel: libata version 3.00 loaded.
Jan 24 15:01:30 amirAcerAspireF5 kernel: ACPI: bus type USB registered
Jan 24 15:01:30 amirAcerAspireF5 kernel: usbcore: registered new interface driver usbfs
Jan 24 15:01:30 amirAcerAspireF5 kernel: usbcore: registered new interface driver hub
Jan 24 15:01:30 amirAcerAspireF5 kernel: usbcore: registered new device driver usb
Jan 24 15:01:30 amirAcerAspireF5 kernel: pps_core: LinuxPPS API ver. 1 registered
Jan 24 15:01:30 amirAcerAspireF5 kernel: pps_core: Software ver. 5.3.6 - Copyright 2005-2007 Rodolfo Giometti <giometti@linux.it>
Jan 24 15:01:30 amirAcerAspireF5 kernel: PTP clock support registered
Jan 24 15:01:30 amirAcerAspireF5 kernel: EDAC MC: Ver: 3.0.0
Jan 24 15:01:30 amirAcerAspireF5 kernel: NetLabel: Initializing
Jan 24 15:01:30 amirAcerAspireF5 kernel: NetLabel:  domain hash size = 128
Jan 24 15:01:30 amirAcerAspireF5 kernel: NetLabel:  protocols = UNLABELED CIPSOv4 CALIPSO
Jan 24 15:01:30 amirAcerAspireF5 kernel: NetLabel:  unlabeled traffic allowed by default
Jan 24 15:01:30 amirAcerAspireF5 kernel: mctp: management component transport protocol core
Jan 24 15:01:30 amirAcerAspireF5 kernel: NET: Registered PF_MCTP protocol family
Jan 24 15:01:30 amirAcerAspireF5 kernel: PCI: Using ACPI for IRQ routing
Jan 24 15:01:30 amirAcerAspireF5 kernel: PCI: pci_cache_line_size set to 64 bytes
Jan 24 15:01:30 amirAcerAspireF5 kernel: e820: reserve RAM buffer [mem 0x0009e800-0x0009ffff]
Jan 24 15:01:30 amirAcerAspireF5 kernel: e820: reserve RAM buffer [mem 0x6834c000-0x6bffffff]
Jan 24 15:01:30 amirAcerAspireF5 kernel: e820: reserve RAM buffer [mem 0x68428000-0x6bffffff]
Jan 24 15:01:30 amirAcerAspireF5 kernel: e820: reserve RAM buffer [mem 0x75c3e000-0x77ffffff]
Jan 24 15:01:30 amirAcerAspireF5 kernel: e820: reserve RAM buffer [mem 0x77fff000-0x77ffffff]
Jan 24 15:01:30 amirAcerAspireF5 kernel: e820: reserve RAM buffer [mem 0x182800000-0x183ffffff]
Jan 24 15:01:30 amirAcerAspireF5 kernel: pci 0000:00:02.0: vgaarb: setting as boot VGA device
Jan 24 15:01:30 amirAcerAspireF5 kernel: pci 0000:00:02.0: vgaarb: bridge control possible
Jan 24 15:01:30 amirAcerAspireF5 kernel: pci 0000:00:02.0: vgaarb: VGA device added: decodes=io+mem,owns=io+mem,locks=none
Jan 24 15:01:30 amirAcerAspireF5 kernel: vgaarb: loaded
Jan 24 15:01:30 amirAcerAspireF5 kernel: hpet0: at MMIO 0xfed00000, IRQs 2, 8, 0, 0, 0, 0, 0, 0
Jan 24 15:01:30 amirAcerAspireF5 kernel: hpet0: 8 comparators, 64-bit 24.000000 MHz counter
Jan 24 15:01:30 amirAcerAspireF5 kernel: clocksource: Switched to clocksource tsc-early
Jan 24 15:01:30 amirAcerAspireF5 kernel: VFS: Disk quotas dquot_6.6.0
Jan 24 15:01:30 amirAcerAspireF5 kernel: VFS: Dquot-cache hash table entries: 512 (order 0, 4096 bytes)
Jan 24 15:01:30 amirAcerAspireF5 kernel: pnp: PnP ACPI init
Jan 24 15:01:30 amirAcerAspireF5 kernel: system 00:00: [mem 0xfd000000-0xfdabffff] has been reserved
Jan 24 15:01:30 amirAcerAspireF5 kernel: system 00:00: [mem 0xfdad0000-0xfdadffff] has been reserved
Jan 24 15:01:30 amirAcerAspireF5 kernel: system 00:00: [mem 0xfdb00000-0xfdffffff] has been reserved
Jan 24 15:01:30 amirAcerAspireF5 kernel: system 00:00: [mem 0xfe000000-0xfe01ffff] has been reserved
Jan 24 15:01:30 amirAcerAspireF5 kernel: system 00:00: [mem 0xfe036000-0xfe03bfff] has been reserved
Jan 24 15:01:30 amirAcerAspireF5 kernel: system 00:00: [mem 0xfe03d000-0xfe3fffff] has been reserved
Jan 24 15:01:30 amirAcerAspireF5 kernel: system 00:00: [mem 0xfe410000-0xfe7fffff] has been reserved
Jan 24 15:01:30 amirAcerAspireF5 kernel: system 00:01: [io  0x2000-0x20fe] has been reserved
Jan 24 15:01:30 amirAcerAspireF5 kernel: system 00:02: [io  0x0680-0x069f] has been reserved
Jan 24 15:01:30 amirAcerAspireF5 kernel: system 00:02: [io  0xffff] has been reserved
Jan 24 15:01:30 amirAcerAspireF5 kernel: system 00:02: [io  0xffff] has been reserved
Jan 24 15:01:30 amirAcerAspireF5 kernel: system 00:02: [io  0xffff] has been reserved
Jan 24 15:01:30 amirAcerAspireF5 kernel: system 00:02: [io  0x1800-0x18fe] has been reserved
Jan 24 15:01:30 amirAcerAspireF5 kernel: system 00:02: [io  0x164e-0x164f] has been reserved
Jan 24 15:01:30 amirAcerAspireF5 kernel: system 00:04: [io  0x1854-0x1857] has been reserved
Jan 24 15:01:30 amirAcerAspireF5 kernel: system 00:06: [mem 0xfdaf0000-0xfdafffff] has been reserved
Jan 24 15:01:30 amirAcerAspireF5 kernel: system 00:06: [mem 0xfdae0000-0xfdaeffff] has been reserved
Jan 24 15:01:30 amirAcerAspireF5 kernel: system 00:06: [mem 0xfdac0000-0xfdacffff] has been reserved
Jan 24 15:01:30 amirAcerAspireF5 kernel: system 00:07: [mem 0xfed10000-0xfed17fff] has been reserved
Jan 24 15:01:30 amirAcerAspireF5 kernel: system 00:07: [mem 0xfed18000-0xfed18fff] has been reserved
Jan 24 15:01:30 amirAcerAspireF5 kernel: system 00:07: [mem 0xfed19000-0xfed19fff] has been reserved
Jan 24 15:01:30 amirAcerAspireF5 kernel: system 00:07: [mem 0xe0000000-0xefffffff] has been reserved
Jan 24 15:01:30 amirAcerAspireF5 kernel: system 00:07: [mem 0xfed20000-0xfed3ffff] has been reserved
Jan 24 15:01:30 amirAcerAspireF5 kernel: system 00:07: [mem 0xfed90000-0xfed93fff] could not be reserved
Jan 24 15:01:30 amirAcerAspireF5 kernel: system 00:07: [mem 0xfed45000-0xfed8ffff] could not be reserved
Jan 24 15:01:30 amirAcerAspireF5 kernel: system 00:07: [mem 0xff000000-0xffffffff] could not be reserved
Jan 24 15:01:30 amirAcerAspireF5 kernel: system 00:07: [mem 0xfee00000-0xfeefffff] could not be reserved
Jan 24 15:01:30 amirAcerAspireF5 kernel: system 00:07: [mem 0x7c800000-0x7c81ffff] has been reserved
Jan 24 15:01:30 amirAcerAspireF5 kernel: pnp: PnP ACPI: found 8 devices
Jan 24 15:01:30 amirAcerAspireF5 kernel: clocksource: acpi_pm: mask: 0xffffff max_cycles: 0xffffff, max_idle_ns: 2085701024 ns
Jan 24 15:01:30 amirAcerAspireF5 kernel: NET: Registered PF_INET protocol family
Jan 24 15:01:30 amirAcerAspireF5 kernel: IP idents hash table entries: 65536 (order: 7, 524288 bytes, linear)
Jan 24 15:01:30 amirAcerAspireF5 kernel: tcp_listen_portaddr_hash hash table entries: 2048 (order: 3, 32768 bytes, linear)
Jan 24 15:01:30 amirAcerAspireF5 kernel: Table-perturb hash table entries: 65536 (order: 6, 262144 bytes, linear)
Jan 24 15:01:30 amirAcerAspireF5 kernel: TCP established hash table entries: 32768 (order: 6, 262144 bytes, linear)
Jan 24 15:01:30 amirAcerAspireF5 kernel: TCP bind hash table entries: 32768 (order: 8, 1048576 bytes, linear)
Jan 24 15:01:30 amirAcerAspireF5 kernel: TCP: Hash tables configured (established 32768 bind 32768)
Jan 24 15:01:30 amirAcerAspireF5 kernel: MPTCP token hash table entries: 4096 (order: 4, 98304 bytes, linear)
Jan 24 15:01:30 amirAcerAspireF5 kernel: UDP hash table entries: 2048 (order: 4, 65536 bytes, linear)
Jan 24 15:01:30 amirAcerAspireF5 kernel: UDP-Lite hash table entries: 2048 (order: 4, 65536 bytes, linear)
Jan 24 15:01:30 amirAcerAspireF5 kernel: NET: Registered PF_UNIX/PF_LOCAL protocol family
Jan 24 15:01:30 amirAcerAspireF5 kernel: NET: Registered PF_XDP protocol family
Jan 24 15:01:30 amirAcerAspireF5 kernel: pci 0000:01:00.0: can't claim BAR 6 [mem 0xfff80000-0xffffffff pref]: no compatible bridge window
Jan 24 15:01:30 amirAcerAspireF5 kernel: pci 0000:01:00.0: BAR 6: assigned [mem 0x94080000-0x940fffff pref]
Jan 24 15:01:30 amirAcerAspireF5 kernel: pci 0000:00:1c.0: PCI bridge to [bus 01]
Jan 24 15:01:30 amirAcerAspireF5 kernel: pci 0000:00:1c.0:   bridge window [io  0x4000-0x4fff]
Jan 24 15:01:30 amirAcerAspireF5 kernel: pci 0000:00:1c.0:   bridge window [mem 0x93000000-0x940fffff]
Jan 24 15:01:30 amirAcerAspireF5 kernel: pci 0000:00:1c.0:   bridge window [mem 0x80000000-0x91ffffff 64bit pref]
Jan 24 15:01:30 amirAcerAspireF5 kernel: pci 0000:00:1c.4: PCI bridge to [bus 02]
Jan 24 15:01:30 amirAcerAspireF5 kernel: pci 0000:00:1c.4:   bridge window [io  0x3000-0x3fff]
Jan 24 15:01:30 amirAcerAspireF5 kernel: pci 0000:00:1c.4:   bridge window [mem 0x94400000-0x944fffff]
Jan 24 15:01:30 amirAcerAspireF5 kernel: pci 0000:00:1c.5: PCI bridge to [bus 03]
Jan 24 15:01:30 amirAcerAspireF5 kernel: pci 0000:00:1c.5:   bridge window [mem 0x94200000-0x943fffff]
Jan 24 15:01:30 amirAcerAspireF5 kernel: pci_bus 0000:00: resource 4 [io  0x0000-0x0cf7 window]
Jan 24 15:01:30 amirAcerAspireF5 kernel: pci_bus 0000:00: resource 5 [io  0x0d00-0xffff window]
Jan 24 15:01:30 amirAcerAspireF5 kernel: pci_bus 0000:00: resource 6 [mem 0x000a0000-0x000bffff window]
Jan 24 15:01:30 amirAcerAspireF5 kernel: pci_bus 0000:00: resource 7 [mem 0x7c800000-0xdfffffff window]
Jan 24 15:01:30 amirAcerAspireF5 kernel: pci_bus 0000:00: resource 8 [mem 0xfd000000-0xfe7fffff window]
Jan 24 15:01:30 amirAcerAspireF5 kernel: pci_bus 0000:01: resource 0 [io  0x4000-0x4fff]
Jan 24 15:01:30 amirAcerAspireF5 kernel: pci_bus 0000:01: resource 1 [mem 0x93000000-0x940fffff]
Jan 24 15:01:30 amirAcerAspireF5 kernel: pci_bus 0000:01: resource 2 [mem 0x80000000-0x91ffffff 64bit pref]
Jan 24 15:01:30 amirAcerAspireF5 kernel: pci_bus 0000:02: resource 0 [io  0x3000-0x3fff]
Jan 24 15:01:30 amirAcerAspireF5 kernel: pci_bus 0000:02: resource 1 [mem 0x94400000-0x944fffff]
Jan 24 15:01:30 amirAcerAspireF5 kernel: pci_bus 0000:03: resource 1 [mem 0x94200000-0x943fffff]
Jan 24 15:01:30 amirAcerAspireF5 kernel: pci 0000:01:00.1: D0 power state depends on 0000:01:00.0
Jan 24 15:01:30 amirAcerAspireF5 kernel: PCI: CLS 64 bytes, default 64
Jan 24 15:01:30 amirAcerAspireF5 kernel: DMAR: ACPI device "device:69" under DMAR at fed91000 as 00:15.0
Jan 24 15:01:30 amirAcerAspireF5 kernel: PCI-DMA: Using software bounce buffering for IO (SWIOTLB)
Jan 24 15:01:30 amirAcerAspireF5 kernel: software IO TLB: mapped [mem 0x0000000071c3e000-0x0000000075c3e000] (64MB)
Jan 24 15:01:30 amirAcerAspireF5 kernel: Trying to unpack rootfs image as initramfs...
Jan 24 15:01:30 amirAcerAspireF5 kernel: Initialise system trusted keyrings
Jan 24 15:01:30 amirAcerAspireF5 kernel: Key type blacklist registered
Jan 24 15:01:30 amirAcerAspireF5 kernel: workingset: timestamp_bits=41 max_order=20 bucket_order=0
Jan 24 15:01:30 amirAcerAspireF5 kernel: zbud: loaded
Jan 24 15:01:30 amirAcerAspireF5 kernel: integrity: Platform Keyring initialized
Jan 24 15:01:30 amirAcerAspireF5 kernel: integrity: Machine keyring initialized
Jan 24 15:01:30 amirAcerAspireF5 kernel: Key type asymmetric registered
Jan 24 15:01:30 amirAcerAspireF5 kernel: Asymmetric key parser 'x509' registered
Jan 24 15:01:30 amirAcerAspireF5 kernel: Freeing initrd memory: 14928K
Jan 24 15:01:30 amirAcerAspireF5 kernel: alg: self-tests for CTR-KDF (hmac(sha256)) passed
Jan 24 15:01:30 amirAcerAspireF5 kernel: Block layer SCSI generic (bsg) driver version 0.4 loaded (major 242)
Jan 24 15:01:30 amirAcerAspireF5 kernel: io scheduler mq-deadline registered
Jan 24 15:01:30 amirAcerAspireF5 kernel: io scheduler kyber registered
Jan 24 15:01:30 amirAcerAspireF5 kernel: io scheduler bfq registered
Jan 24 15:01:30 amirAcerAspireF5 kernel: pcieport 0000:00:1c.0: PME: Signaling with IRQ 122
Jan 24 15:01:30 amirAcerAspireF5 kernel: pcieport 0000:00:1c.0: AER: enabled with IRQ 122
Jan 24 15:01:30 amirAcerAspireF5 kernel: pcieport 0000:00:1c.4: PME: Signaling with IRQ 123
Jan 24 15:01:30 amirAcerAspireF5 kernel: pcieport 0000:00:1c.4: AER: enabled with IRQ 123
Jan 24 15:01:30 amirAcerAspireF5 kernel: pcieport 0000:00:1c.5: PME: Signaling with IRQ 124
Jan 24 15:01:30 amirAcerAspireF5 kernel: pcieport 0000:00:1c.5: AER: enabled with IRQ 124
Jan 24 15:01:30 amirAcerAspireF5 kernel: shpchp: Standard Hot Plug PCI Controller Driver version: 0.4
Jan 24 15:01:30 amirAcerAspireF5 kernel: ACPI: AC: AC Adapter [ACAD] (on-line)
Jan 24 15:01:30 amirAcerAspireF5 kernel: input: Power Button as /devices/LNXSYSTM:00/LNXSYBUS:00/PNP0C0C:00/input/input0
Jan 24 15:01:30 amirAcerAspireF5 kernel: ACPI: button: Power Button [PWRB]
Jan 24 15:01:30 amirAcerAspireF5 kernel: input: Sleep Button as /devices/LNXSYSTM:00/LNXSYBUS:00/PNP0C0E:00/input/input1
Jan 24 15:01:30 amirAcerAspireF5 kernel: ACPI: button: Sleep Button [SLPB]
Jan 24 15:01:30 amirAcerAspireF5 kernel: input: Lid Switch as /devices/LNXSYSTM:00/LNXSYBUS:00/PNP0C0D:00/input/input2
Jan 24 15:01:30 amirAcerAspireF5 kernel: ACPI: button: Lid Switch [LID0]
Jan 24 15:01:30 amirAcerAspireF5 kernel: input: Power Button as /devices/LNXSYSTM:00/LNXPWRBN:00/input/input3
Jan 24 15:01:30 amirAcerAspireF5 kernel: ACPI: button: Power Button [PWRF]
Jan 24 15:01:30 amirAcerAspireF5 kernel: thermal LNXTHERM:00: registered as thermal_zone0
Jan 24 15:01:30 amirAcerAspireF5 kernel: ACPI: thermal: Thermal Zone [TZ01] (45 C)
Jan 24 15:01:30 amirAcerAspireF5 kernel: Serial: 8250/16550 driver, 32 ports, IRQ sharing enabled
Jan 24 15:01:30 amirAcerAspireF5 kernel: ACPI: battery: Slot [BAT1] (battery present)
Jan 24 15:01:30 amirAcerAspireF5 kernel: Non-volatile memory driver v1.3
Jan 24 15:01:30 amirAcerAspireF5 kernel: Linux agpgart interface v0.103
Jan 24 15:01:30 amirAcerAspireF5 kernel: tpm_crb MSFT0101:00: [Firmware Bug]: Bad ACPI memory layout
Jan 24 15:01:30 amirAcerAspireF5 kernel: AMD-Vi: AMD IOMMUv2 functionality not available on this system - This is not a bug.
Jan 24 15:01:30 amirAcerAspireF5 kernel: ACPI: bus type drm_connector registered
Jan 24 15:01:30 amirAcerAspireF5 kernel: ahci 0000:00:17.0: version 3.0
Jan 24 15:01:30 amirAcerAspireF5 kernel: ahci 0000:00:17.0: AHCI 0001.0301 32 slots 2 ports 6 Gbps 0x3 impl SATA mode
Jan 24 15:01:30 amirAcerAspireF5 kernel: ahci 0000:00:17.0: flags: 64bit ncq pm led clo only pio slum part deso sadm sds apst 
Jan 24 15:01:30 amirAcerAspireF5 kernel: scsi host0: ahci
Jan 24 15:01:30 amirAcerAspireF5 kernel: scsi host1: ahci
Jan 24 15:01:30 amirAcerAspireF5 kernel: ata1: SATA max UDMA/133 abar m2048@0x9452d000 port 0x9452d100 irq 125
Jan 24 15:01:30 amirAcerAspireF5 kernel: ata2: SATA max UDMA/133 abar m2048@0x9452d000 port 0x9452d180 irq 125
Jan 24 15:01:30 amirAcerAspireF5 kernel: usbcore: registered new interface driver usbserial_generic
Jan 24 15:01:30 amirAcerAspireF5 kernel: usbserial: USB Serial support registered for generic
Jan 24 15:01:30 amirAcerAspireF5 kernel: rtc_cmos 00:03: RTC can wake from S4
Jan 24 15:01:30 amirAcerAspireF5 kernel: rtc_cmos 00:03: registered as rtc0
Jan 24 15:01:30 amirAcerAspireF5 kernel: rtc_cmos 00:03: setting system clock to 2023-01-24T11:31:22 UTC (1674559882)
Jan 24 15:01:30 amirAcerAspireF5 kernel: rtc_cmos 00:03: alarms up to one month, y3k, 242 bytes nvram
Jan 24 15:01:30 amirAcerAspireF5 kernel: intel_pstate: Intel P-state driver initializing
Jan 24 15:01:30 amirAcerAspireF5 kernel: intel_pstate: HWP enabled
Jan 24 15:01:30 amirAcerAspireF5 kernel: ledtrig-cpu: registered to indicate activity on CPUs
Jan 24 15:01:30 amirAcerAspireF5 kernel: vesafb: mode is 1366x768x32, linelength=5504, pages=0
Jan 24 15:01:30 amirAcerAspireF5 kernel: vesafb: scrolling: redraw
Jan 24 15:01:30 amirAcerAspireF5 kernel: vesafb: Truecolor: size=8:8:8:8, shift=24:16:8:0
Jan 24 15:01:30 amirAcerAspireF5 kernel: vesafb: framebuffer at 0xa0000000, mapped to 0x00000000e82ff235, using 4160k, total 4160k
Jan 24 15:01:30 amirAcerAspireF5 kernel: fbcon: Deferring console take-over
Jan 24 15:01:30 amirAcerAspireF5 kernel: fb0: VESA VGA frame buffer device
Jan 24 15:01:30 amirAcerAspireF5 kernel: hid: raw HID events driver (C) Jiri Kosina
Jan 24 15:01:30 amirAcerAspireF5 kernel: intel_pmc_core intel_pmc_core.0:  initialized
Jan 24 15:01:30 amirAcerAspireF5 kernel: drop_monitor: Initializing network drop monitor service
Jan 24 15:01:30 amirAcerAspireF5 kernel: Initializing XFRM netlink socket
Jan 24 15:01:30 amirAcerAspireF5 kernel: NET: Registered PF_INET6 protocol family
Jan 24 15:01:30 amirAcerAspireF5 kernel: Segment Routing with IPv6
Jan 24 15:01:30 amirAcerAspireF5 kernel: RPL Segment Routing with IPv6
Jan 24 15:01:30 amirAcerAspireF5 kernel: In-situ OAM (IOAM) with IPv6
Jan 24 15:01:30 amirAcerAspireF5 kernel: NET: Registered PF_PACKET protocol family
Jan 24 15:01:30 amirAcerAspireF5 kernel: microcode: sig=0x406e3, pf=0x80, revision=0x7c
Jan 24 15:01:30 amirAcerAspireF5 kernel: microcode: Microcode Update Driver: v2.2.
Jan 24 15:01:30 amirAcerAspireF5 kernel: IPI shorthand broadcast: enabled
Jan 24 15:01:30 amirAcerAspireF5 kernel: sched_clock: Marking stable (434187639, 539010)->(436374304, -1647655)
Jan 24 15:01:30 amirAcerAspireF5 kernel: registered taskstats version 1
Jan 24 15:01:30 amirAcerAspireF5 kernel: Loading compiled-in X.509 certificates
Jan 24 15:01:30 amirAcerAspireF5 kernel: Loaded X.509 cert 'Build time autogenerated kernel key: 6e0ee33d2b55699fc229f83fff1361595027cf56'
Jan 24 15:01:30 amirAcerAspireF5 kernel: zswap: loaded using pool lz4/z3fold
Jan 24 15:01:30 amirAcerAspireF5 kernel: Key type .fscrypt registered
Jan 24 15:01:30 amirAcerAspireF5 kernel: Key type fscrypt-provisioning registered
Jan 24 15:01:30 amirAcerAspireF5 kernel: PM:   Magic number: 7:416:530
Jan 24 15:01:30 amirAcerAspireF5 kernel: tty ttyS10: hash matches
Jan 24 15:01:30 amirAcerAspireF5 kernel: RAS: Correctable Errors collector initialized.
Jan 24 15:01:30 amirAcerAspireF5 kernel: ata1: SATA link up 6.0 Gbps (SStatus 133 SControl 300)
Jan 24 15:01:30 amirAcerAspireF5 kernel: ata2: SATA link up 1.5 Gbps (SStatus 113 SControl 300)
Jan 24 15:01:30 amirAcerAspireF5 kernel: ata2.00: ATAPI: Slimtype DVD A  DA8AESH, XA11, max UDMA/133
Jan 24 15:01:30 amirAcerAspireF5 kernel: ata1.00: LPM support broken, forcing max_power
Jan 24 15:01:30 amirAcerAspireF5 kernel: ata1.00: ATA-8: ST1000LM024 HN-M101MBB, 2BA30001, max UDMA/133
Jan 24 15:01:30 amirAcerAspireF5 kernel: ata1.00: 1953525168 sectors, multi 0: LBA48 NCQ (depth 32)
Jan 24 15:01:30 amirAcerAspireF5 kernel: ata1.00: LPM support broken, forcing max_power
Jan 24 15:01:30 amirAcerAspireF5 kernel: ata2.00: configured for UDMA/133
Jan 24 15:01:30 amirAcerAspireF5 kernel: ata1.00: configured for UDMA/133
Jan 24 15:01:30 amirAcerAspireF5 kernel: scsi 0:0:0:0: Direct-Access     ATA      ST1000LM024 HN-M 0001 PQ: 0 ANSI: 5
Jan 24 15:01:30 amirAcerAspireF5 kernel: sd 0:0:0:0: [sda] 1953525168 512-byte logical blocks: (1.00 TB/932 GiB)
Jan 24 15:01:30 amirAcerAspireF5 kernel: sd 0:0:0:0: [sda] 4096-byte physical blocks
Jan 24 15:01:30 amirAcerAspireF5 kernel: sd 0:0:0:0: [sda] Write Protect is off
Jan 24 15:01:30 amirAcerAspireF5 kernel: sd 0:0:0:0: [sda] Mode Sense: 00 3a 00 00
Jan 24 15:01:30 amirAcerAspireF5 kernel: sd 0:0:0:0: [sda] Write cache: enabled, read cache: enabled, doesn't support DPO or FUA
Jan 24 15:01:30 amirAcerAspireF5 kernel: sd 0:0:0:0: [sda] Preferred minimum I/O size 4096 bytes
Jan 24 15:01:30 amirAcerAspireF5 kernel: scsi 1:0:0:0: CD-ROM            Slimtype DVD A  DA8AESH   XA11 PQ: 0 ANSI: 5
Jan 24 15:01:30 amirAcerAspireF5 kernel:  sda: sda1 sda2 sda3
Jan 24 15:01:30 amirAcerAspireF5 kernel: sd 0:0:0:0: [sda] Attached SCSI disk
Jan 24 15:01:30 amirAcerAspireF5 kernel: Freeing unused decrypted memory: 2036K
Jan 24 15:01:30 amirAcerAspireF5 kernel: Freeing unused kernel image (initmem) memory: 2144K
Jan 24 15:01:30 amirAcerAspireF5 kernel: Write protecting the kernel read-only data: 30720k
Jan 24 15:01:30 amirAcerAspireF5 kernel: Freeing unused kernel image (text/rodata gap) memory: 2040K
Jan 24 15:01:30 amirAcerAspireF5 kernel: Freeing unused kernel image (rodata/data gap) memory: 1212K
Jan 24 15:01:30 amirAcerAspireF5 kernel: x86/mm: Checked W+X mappings: passed, no W+X pages found.
Jan 24 15:01:30 amirAcerAspireF5 kernel: rodata_test: all tests were successful
Jan 24 15:01:30 amirAcerAspireF5 kernel: x86/mm: Checking user space page tables
Jan 24 15:01:30 amirAcerAspireF5 kernel: x86/mm: Checked W+X mappings: passed, no W+X pages found.
Jan 24 15:01:30 amirAcerAspireF5 kernel: Run /init as init process
Jan 24 15:01:30 amirAcerAspireF5 kernel:   with arguments:
Jan 24 15:01:30 amirAcerAspireF5 kernel:     /init
Jan 24 15:01:30 amirAcerAspireF5 kernel:   with environment:
Jan 24 15:01:30 amirAcerAspireF5 kernel:     HOME=/
Jan 24 15:01:30 amirAcerAspireF5 kernel:     TERM=linux
Jan 24 15:01:30 amirAcerAspireF5 kernel:     BOOT_IMAGE=/boot/vmlinuz-linux
Jan 24 15:01:30 amirAcerAspireF5 kernel: fbcon: Taking over console
Jan 24 15:01:30 amirAcerAspireF5 kernel: Console: switching to colour frame buffer device 170x48
Jan 24 15:01:30 amirAcerAspireF5 kernel: wmi_bus wmi_bus-PNP0C14:01: WQ data block query control method not found
Jan 24 15:01:30 amirAcerAspireF5 kernel: wmi_bus wmi_bus-PNP0C14:01: WQ data block query control method not found
Jan 24 15:01:30 amirAcerAspireF5 kernel: wmi_bus wmi_bus-PNP0C14:01: WQ data block query control method not found
Jan 24 15:01:30 amirAcerAspireF5 kernel: wmi_bus wmi_bus-PNP0C14:01: WQ data block query control method not found
Jan 24 15:01:30 amirAcerAspireF5 kernel: i8042: PNP: PS/2 Controller [PNP0303:PS2K] at 0x60,0x64 irq 1
Jan 24 15:01:30 amirAcerAspireF5 kernel: i8042: PNP: PS/2 appears to have AUX port disabled, if this is incorrect please boot with i8042.nopnp
Jan 24 15:01:30 amirAcerAspireF5 kernel: xhci_hcd 0000:00:14.0: xHCI Host Controller
Jan 24 15:01:30 amirAcerAspireF5 kernel: xhci_hcd 0000:00:14.0: new USB bus registered, assigned bus number 1
Jan 24 15:01:30 amirAcerAspireF5 kernel: serio: i8042 KBD port at 0x60,0x64 irq 1
Jan 24 15:01:30 amirAcerAspireF5 kernel: xhci_hcd 0000:00:14.0: hcc params 0x200077c1 hci version 0x100 quirks 0x0000000081109810
Jan 24 15:01:30 amirAcerAspireF5 kernel: xhci_hcd 0000:00:14.0: xHCI Host Controller
Jan 24 15:01:30 amirAcerAspireF5 kernel: xhci_hcd 0000:00:14.0: new USB bus registered, assigned bus number 2
Jan 24 15:01:30 amirAcerAspireF5 kernel: xhci_hcd 0000:00:14.0: Host supports USB 3.0 SuperSpeed
Jan 24 15:01:30 amirAcerAspireF5 kernel: usb usb1: New USB device found, idVendor=1d6b, idProduct=0002, bcdDevice= 6.01
Jan 24 15:01:30 amirAcerAspireF5 kernel: usb usb1: New USB device strings: Mfr=3, Product=2, SerialNumber=1
Jan 24 15:01:30 amirAcerAspireF5 kernel: usb usb1: Product: xHCI Host Controller
Jan 24 15:01:30 amirAcerAspireF5 kernel: usb usb1: Manufacturer: Linux 6.1.6-arch1-1 xhci-hcd
Jan 24 15:01:30 amirAcerAspireF5 kernel: usb usb1: SerialNumber: 0000:00:14.0
Jan 24 15:01:30 amirAcerAspireF5 kernel: hub 1-0:1.0: USB hub found
Jan 24 15:01:30 amirAcerAspireF5 kernel: hub 1-0:1.0: 12 ports detected
Jan 24 15:01:30 amirAcerAspireF5 kernel: usb usb2: New USB device found, idVendor=1d6b, idProduct=0003, bcdDevice= 6.01
Jan 24 15:01:30 amirAcerAspireF5 kernel: usb usb2: New USB device strings: Mfr=3, Product=2, SerialNumber=1
Jan 24 15:01:30 amirAcerAspireF5 kernel: usb usb2: Product: xHCI Host Controller
Jan 24 15:01:30 amirAcerAspireF5 kernel: usb usb2: Manufacturer: Linux 6.1.6-arch1-1 xhci-hcd
Jan 24 15:01:30 amirAcerAspireF5 kernel: usb usb2: SerialNumber: 0000:00:14.0
Jan 24 15:01:30 amirAcerAspireF5 kernel: hub 2-0:1.0: USB hub found
Jan 24 15:01:30 amirAcerAspireF5 kernel: hub 2-0:1.0: 6 ports detected
Jan 24 15:01:30 amirAcerAspireF5 kernel: input: AT Translated Set 2 keyboard as /devices/platform/i8042/serio0/input/input4
Jan 24 15:01:30 amirAcerAspireF5 kernel: sr 1:0:0:0: [sr0] scsi3-mmc drive: 24x/24x writer dvd-ram cd/rw xa/form2 cdda tray
Jan 24 15:01:30 amirAcerAspireF5 kernel: cdrom: Uniform CD-ROM driver Revision: 3.20
Jan 24 15:01:30 amirAcerAspireF5 kernel: sr 1:0:0:0: Attached scsi CD-ROM sr0
Jan 24 15:01:30 amirAcerAspireF5 kernel: tsc: Refined TSC clocksource calibration: 2399.999 MHz
Jan 24 15:01:30 amirAcerAspireF5 kernel: clocksource: tsc: mask: 0xffffffffffffffff max_cycles: 0x2298364cab5, max_idle_ns: 440795214892 ns
Jan 24 15:01:30 amirAcerAspireF5 kernel: clocksource: Switched to clocksource tsc
Jan 24 15:01:30 amirAcerAspireF5 kernel: usb 1-2: new high-speed USB device number 2 using xhci_hcd
Jan 24 15:01:30 amirAcerAspireF5 kernel: Console: switching to colour dummy device 80x25
Jan 24 15:01:30 amirAcerAspireF5 kernel: i915 0000:00:02.0: vgaarb: deactivate vga console
Jan 24 15:01:30 amirAcerAspireF5 kernel: i915 0000:00:02.0: vgaarb: changed VGA decodes: olddecodes=io+mem,decodes=io+mem:owns=io+mem
Jan 24 15:01:30 amirAcerAspireF5 kernel: i915 0000:00:02.0: [drm] Finished loading DMC firmware i915/skl_dmc_ver1_27.bin (v1.27)
Jan 24 15:01:30 amirAcerAspireF5 kernel: usb 1-2: New USB device found, idVendor=058f, idProduct=6387, bcdDevice= 1.00
Jan 24 15:01:30 amirAcerAspireF5 kernel: usb 1-2: New USB device strings: Mfr=1, Product=2, SerialNumber=3
Jan 24 15:01:30 amirAcerAspireF5 kernel: usb 1-2: Product: Flash Disk
Jan 24 15:01:30 amirAcerAspireF5 kernel: usb 1-2: Manufacturer: USB
Jan 24 15:01:30 amirAcerAspireF5 kernel: usb 1-2: SerialNumber: 74249CC4
Jan 24 15:01:30 amirAcerAspireF5 kernel: usb-storage 1-2:1.0: USB Mass Storage device detected
Jan 24 15:01:30 amirAcerAspireF5 kernel: scsi host2: usb-storage 1-2:1.0
Jan 24 15:01:30 amirAcerAspireF5 kernel: usbcore: registered new interface driver usb-storage
Jan 24 15:01:30 amirAcerAspireF5 kernel: usb 1-4: new high-speed USB device number 3 using xhci_hcd
Jan 24 15:01:30 amirAcerAspireF5 kernel: usb 1-4: New USB device found, idVendor=ffff, idProduct=5678, bcdDevice= 2.00
Jan 24 15:01:30 amirAcerAspireF5 kernel: usb 1-4: New USB device strings: Mfr=1, Product=2, SerialNumber=3
Jan 24 15:01:30 amirAcerAspireF5 kernel: usb 1-4: Product: Disk 2.0
Jan 24 15:01:30 amirAcerAspireF5 kernel: usb 1-4: Manufacturer: USB
Jan 24 15:01:30 amirAcerAspireF5 kernel: usb 1-4: SerialNumber: 2441041092385757055
Jan 24 15:01:30 amirAcerAspireF5 kernel: usb-storage 1-4:1.0: USB Mass Storage device detected
Jan 24 15:01:30 amirAcerAspireF5 kernel: scsi host3: usb-storage 1-4:1.0
Jan 24 15:01:30 amirAcerAspireF5 kernel: usb 1-5: new full-speed USB device number 4 using xhci_hcd
Jan 24 15:01:30 amirAcerAspireF5 kernel: usb 1-5: New USB device found, idVendor=04ca, idProduct=3015, bcdDevice= 0.01
Jan 24 15:01:30 amirAcerAspireF5 kernel: usb 1-5: New USB device strings: Mfr=0, Product=0, SerialNumber=0
Jan 24 15:01:30 amirAcerAspireF5 kernel: usb 1-7: new high-speed USB device number 5 using xhci_hcd
Jan 24 15:01:30 amirAcerAspireF5 kernel: usb 1-7: New USB device found, idVendor=0bda, idProduct=57cc, bcdDevice= 0.04
Jan 24 15:01:30 amirAcerAspireF5 kernel: usb 1-7: New USB device strings: Mfr=3, Product=1, SerialNumber=2
Jan 24 15:01:30 amirAcerAspireF5 kernel: usb 1-7: Product: HD WebCam
Jan 24 15:01:30 amirAcerAspireF5 kernel: usb 1-7: Manufacturer: NC2141103L63803BCBLM04
Jan 24 15:01:30 amirAcerAspireF5 kernel: usb 1-7: SerialNumber: 200901010001
Jan 24 15:01:30 amirAcerAspireF5 kernel: usb 1-8: new high-speed USB device number 6 using xhci_hcd
Jan 24 15:01:30 amirAcerAspireF5 kernel: scsi 2:0:0:0: Direct-Access     USB      Flash Disk       8.07 PQ: 0 ANSI: 4
Jan 24 15:01:30 amirAcerAspireF5 kernel: sd 2:0:0:0: [sdb] 62259200 512-byte logical blocks: (31.9 GB/29.7 GiB)
Jan 24 15:01:30 amirAcerAspireF5 kernel: sd 2:0:0:0: [sdb] Write Protect is off
Jan 24 15:01:30 amirAcerAspireF5 kernel: sd 2:0:0:0: [sdb] Mode Sense: 23 00 00 00
Jan 24 15:01:30 amirAcerAspireF5 kernel: sd 2:0:0:0: [sdb] Write cache: disabled, read cache: enabled, doesn't support DPO or FUA
Jan 24 15:01:30 amirAcerAspireF5 kernel:  sdb: sdb1 sdb2
Jan 24 15:01:30 amirAcerAspireF5 kernel: sd 2:0:0:0: [sdb] Attached SCSI removable disk
Jan 24 15:01:30 amirAcerAspireF5 kernel: usb 1-8: New USB device found, idVendor=0bda, idProduct=0129, bcdDevice=39.60
Jan 24 15:01:30 amirAcerAspireF5 kernel: usb 1-8: New USB device strings: Mfr=1, Product=2, SerialNumber=3
Jan 24 15:01:30 amirAcerAspireF5 kernel: usb 1-8: Product: USB2.0-CRW
Jan 24 15:01:30 amirAcerAspireF5 kernel: usb 1-8: Manufacturer: Generic
Jan 24 15:01:30 amirAcerAspireF5 kernel: usb 1-8: SerialNumber: 20100201396000000
Jan 24 15:01:30 amirAcerAspireF5 kernel: usbcore: registered new interface driver rtsx_usb
Jan 24 15:01:30 amirAcerAspireF5 kernel: [drm] Initialized i915 1.6.0 20201103 for 0000:00:02.0 on minor 0
Jan 24 15:01:30 amirAcerAspireF5 kernel: ACPI: video: Video Device [GFX0] (multi-head: yes  rom: no  post: no)
Jan 24 15:01:30 amirAcerAspireF5 kernel: input: Video Bus as /devices/LNXSYSTM:00/LNXSYBUS:00/PNP0A08:00/LNXVIDEO:00/input/input5
Jan 24 15:01:30 amirAcerAspireF5 kernel: ACPI: video: [Firmware Bug]: ACPI(PXSX) defines _DOD but not _DOS
Jan 24 15:01:30 amirAcerAspireF5 kernel: ACPI: video: Video Device [PXSX] (multi-head: yes  rom: yes  post: no)
Jan 24 15:01:30 amirAcerAspireF5 kernel: input: Video Bus as /devices/LNXSYSTM:00/LNXSYBUS:00/PNP0A08:00/device:32/LNXVIDEO:01/input/input6
Jan 24 15:01:30 amirAcerAspireF5 kernel: fbcon: i915drmfb (fb0) is primary device
Jan 24 15:01:30 amirAcerAspireF5 kernel: scsi 3:0:0:0: Direct-Access     VendorCo ProductCode      2.00 PQ: 0 ANSI: 4
Jan 24 15:01:30 amirAcerAspireF5 kernel: sd 3:0:0:0: [sdc] 61440000 512-byte logical blocks: (31.5 GB/29.3 GiB)
Jan 24 15:01:30 amirAcerAspireF5 kernel: sd 3:0:0:0: [sdc] Write Protect is off
Jan 24 15:01:30 amirAcerAspireF5 kernel: sd 3:0:0:0: [sdc] Mode Sense: 03 00 00 00
Jan 24 15:01:30 amirAcerAspireF5 kernel: sd 3:0:0:0: [sdc] No Caching mode page found
Jan 24 15:01:30 amirAcerAspireF5 kernel: sd 3:0:0:0: [sdc] Assuming drive cache: write through
Jan 24 15:01:30 amirAcerAspireF5 kernel:  sdc: sdc1
Jan 24 15:01:30 amirAcerAspireF5 kernel: sd 3:0:0:0: [sdc] Attached SCSI removable disk
Jan 24 15:01:30 amirAcerAspireF5 kernel: Console: switching to colour frame buffer device 170x48
Jan 24 15:01:30 amirAcerAspireF5 kernel: i915 0000:00:02.0: [drm] fb0: i915drmfb frame buffer device
Jan 24 15:01:30 amirAcerAspireF5 kernel: EXT4-fs (sda2): mounted filesystem with ordered data mode. Quota mode: none.
Jan 24 15:01:30 amirAcerAspireF5 systemd[1]: systemd 252.4-2-arch running in system mode (+PAM +AUDIT -SELINUX -APPARMOR -IMA +SMACK +SECCOMP +GCRYPT +GNUTLS +OPENSSL +ACL +BLKID +CURL +ELFUTILS +FIDO2 +IDN2 -IDN +IPTC +KMOD +LIBCRYPTSETUP +LIBFDISK +PCRE2 -PWQUALITY +P11KIT -QRENCODE +TPM2 +BZIP2 +LZ4 +XZ +ZLIB +ZSTD +BPF_FRAMEWORK +XKBCOMMON +UTMP -SYSVINIT default-hierarchy=unified)
Jan 24 15:01:30 amirAcerAspireF5 systemd[1]: Detected architecture x86-64.
Jan 24 15:01:30 amirAcerAspireF5 systemd[1]: Hostname set to <amirAcerAspireF5>.
Jan 24 15:01:30 amirAcerAspireF5 systemd[1]: bpf-lsm: LSM BPF program attached
Jan 24 15:01:30 amirAcerAspireF5 systemd[1]: Configuration file /etc/systemd/system/windscribe-helper.service is marked executable. Please remove executable permission bits. Proceeding anyway.
Jan 24 15:01:30 amirAcerAspireF5 systemd[1]: Queued start job for default target Graphical Interface.
Jan 24 15:01:30 amirAcerAspireF5 systemd[1]: Created slice Slice /system/getty.
Jan 24 15:01:30 amirAcerAspireF5 systemd[1]: Created slice Slice /system/modprobe.
Jan 24 15:01:30 amirAcerAspireF5 systemd[1]: Created slice Slice /system/systemd-fsck.
Jan 24 15:01:30 amirAcerAspireF5 systemd[1]: Created slice User and Session Slice.
Jan 24 15:01:30 amirAcerAspireF5 systemd[1]: Started Dispatch Password Requests to Console Directory Watch.
Jan 24 15:01:30 amirAcerAspireF5 systemd[1]: Started Forward Password Requests to Wall Directory Watch.
Jan 24 15:01:30 amirAcerAspireF5 systemd[1]: Set up automount Arbitrary Executable File Formats File System Automount Point.
Jan 24 15:01:30 amirAcerAspireF5 systemd[1]: Reached target Local Encrypted Volumes.
Jan 24 15:01:30 amirAcerAspireF5 systemd[1]: Reached target Login Prompts.
Jan 24 15:01:30 amirAcerAspireF5 systemd[1]: Reached target Local Integrity Protected Volumes.
Jan 24 15:01:30 amirAcerAspireF5 systemd[1]: Reached target Path Units.
Jan 24 15:01:30 amirAcerAspireF5 systemd[1]: Reached target Remote File Systems.
Jan 24 15:01:30 amirAcerAspireF5 systemd[1]: Reached target Slice Units.
Jan 24 15:01:30 amirAcerAspireF5 systemd[1]: Reached target Local Verity Protected Volumes.
Jan 24 15:01:30 amirAcerAspireF5 systemd[1]: Listening on Device-mapper event daemon FIFOs.
Jan 24 15:01:30 amirAcerAspireF5 systemd[1]: Listening on LVM2 poll daemon socket.
Jan 24 15:01:30 amirAcerAspireF5 systemd[1]: Listening on Process Core Dump Socket.
Jan 24 15:01:30 amirAcerAspireF5 systemd[1]: Listening on Journal Audit Socket.
Jan 24 15:01:30 amirAcerAspireF5 systemd[1]: Listening on Journal Socket (/dev/log).
Jan 24 15:01:30 amirAcerAspireF5 systemd[1]: Listening on Journal Socket.
Jan 24 15:01:30 amirAcerAspireF5 systemd[1]: Listening on udev Control Socket.
Jan 24 15:01:30 amirAcerAspireF5 systemd[1]: Listening on udev Kernel Socket.
Jan 24 15:01:30 amirAcerAspireF5 systemd[1]: Mounting Huge Pages File System...
Jan 24 15:01:30 amirAcerAspireF5 systemd[1]: Mounting POSIX Message Queue File System...
Jan 24 15:01:30 amirAcerAspireF5 systemd[1]: Mounting Kernel Debug File System...
Jan 24 15:01:30 amirAcerAspireF5 systemd[1]: Mounting Kernel Trace File System...
Jan 24 15:01:30 amirAcerAspireF5 systemd[1]: Starting Create List of Static Device Nodes...
Jan 24 15:01:30 amirAcerAspireF5 systemd[1]: Starting Monitoring of LVM2 mirrors, snapshots etc. using dmeventd or progress polling...
Jan 24 15:01:30 amirAcerAspireF5 systemd[1]: Starting Load Kernel Module configfs...
Jan 24 15:01:30 amirAcerAspireF5 systemd[1]: Starting Load Kernel Module drm...
Jan 24 15:01:30 amirAcerAspireF5 systemd[1]: Starting Load Kernel Module fuse...
Jan 24 15:01:30 amirAcerAspireF5 systemd[1]: File System Check on Root Device was skipped because of an unmet condition check (ConditionPathIsReadWrite=!/).
Jan 24 15:01:30 amirAcerAspireF5 systemd[1]: Starting Journal Service...
Jan 24 15:01:30 amirAcerAspireF5 systemd[1]: Starting Load Kernel Modules...
Jan 24 15:01:30 amirAcerAspireF5 systemd[1]: Starting Remount Root and Kernel File Systems...
Jan 24 15:01:30 amirAcerAspireF5 systemd[1]: Repartition Root Disk was skipped because no trigger condition checks were met.
Jan 24 15:01:30 amirAcerAspireF5 systemd[1]: Starting Coldplug All udev Devices...
Jan 24 15:01:30 amirAcerAspireF5 systemd[1]: Mounted Huge Pages File System.
Jan 24 15:01:30 amirAcerAspireF5 systemd[1]: Mounted POSIX Message Queue File System.
Jan 24 15:01:30 amirAcerAspireF5 systemd[1]: Mounted Kernel Debug File System.
Jan 24 15:01:30 amirAcerAspireF5 systemd[1]: Mounted Kernel Trace File System.
Jan 24 15:01:30 amirAcerAspireF5 systemd[1]: Finished Create List of Static Device Nodes.
Jan 24 15:01:30 amirAcerAspireF5 systemd[1]: modprobe@configfs.service: Deactivated successfully.
Jan 24 15:01:30 amirAcerAspireF5 systemd[1]: Finished Load Kernel Module configfs.
Jan 24 15:01:30 amirAcerAspireF5 kernel: audit: type=1130 audit(1674559890.670:2): pid=1 uid=0 auid=4294967295 ses=4294967295 msg='unit=modprobe@configfs comm="systemd" exe="/usr/lib/systemd/systemd" hostname=? addr=? terminal=? res=success'
Jan 24 15:01:30 amirAcerAspireF5 kernel: audit: type=1131 audit(1674559890.670:3): pid=1 uid=0 auid=4294967295 ses=4294967295 msg='unit=modprobe@configfs comm="systemd" exe="/usr/lib/systemd/systemd" hostname=? addr=? terminal=? res=success'
Jan 24 15:01:30 amirAcerAspireF5 systemd[1]: modprobe@drm.service: Deactivated successfully.
Jan 24 15:01:30 amirAcerAspireF5 systemd[1]: Finished Load Kernel Module drm.
Jan 24 15:01:30 amirAcerAspireF5 kernel: audit: type=1130 audit(1674559890.690:4): pid=1 uid=0 auid=4294967295 ses=4294967295 msg='unit=modprobe@drm comm="systemd" exe="/usr/lib/systemd/systemd" hostname=? addr=? terminal=? res=success'
Jan 24 15:01:30 amirAcerAspireF5 kernel: audit: type=1131 audit(1674559890.690:5): pid=1 uid=0 auid=4294967295 ses=4294967295 msg='unit=modprobe@drm comm="systemd" exe="/usr/lib/systemd/systemd" hostname=? addr=? terminal=? res=success'
Jan 24 15:01:30 amirAcerAspireF5 kernel: fuse: init (API version 7.37)
Jan 24 15:01:30 amirAcerAspireF5 systemd[1]: Mounting Kernel Configuration File System...
Jan 24 15:01:30 amirAcerAspireF5 systemd[1]: modprobe@fuse.service: Deactivated successfully.
Jan 24 15:01:30 amirAcerAspireF5 systemd-journald[235]: Journal started
Jan 24 15:01:30 amirAcerAspireF5 systemd-journald[235]: Runtime Journal (/run/log/journal/93beb20d465d4f65a532db2055f9bb18) is 8.0M, max 189.4M, 181.4M free.
Jan 24 15:01:30 amirAcerAspireF5 audit[1]: SERVICE_START pid=1 uid=0 auid=4294967295 ses=4294967295 msg='unit=modprobe@configfs comm="systemd" exe="/usr/lib/systemd/systemd" hostname=? addr=? terminal=? res=success'
Jan 24 15:01:30 amirAcerAspireF5 audit[1]: SERVICE_STOP pid=1 uid=0 auid=4294967295 ses=4294967295 msg='unit=modprobe@configfs comm="systemd" exe="/usr/lib/systemd/systemd" hostname=? addr=? terminal=? res=success'
Jan 24 15:01:30 amirAcerAspireF5 audit[1]: SERVICE_START pid=1 uid=0 auid=4294967295 ses=4294967295 msg='unit=modprobe@drm comm="systemd" exe="/usr/lib/systemd/systemd" hostname=? addr=? terminal=? res=success'
Jan 24 15:01:30 amirAcerAspireF5 audit[1]: SERVICE_STOP pid=1 uid=0 auid=4294967295 ses=4294967295 msg='unit=modprobe@drm comm="systemd" exe="/usr/lib/systemd/systemd" hostname=? addr=? terminal=? res=success'
Jan 24 15:01:30 amirAcerAspireF5 audit[1]: SERVICE_START pid=1 uid=0 auid=4294967295 ses=4294967295 msg='unit=modprobe@fuse comm="systemd" exe="/usr/lib/systemd/systemd" hostname=? addr=? terminal=? res=success'
